<html>
<body>
<pre>
<h1>�Vision Build Log</h1>
<h2>Tool Versions:</h2>
IDE-Version: ��Vision V5.40.0.12
Copyright (C) 2024 ARM Ltd and ARM Germany GmbH. All rights reserved.
License Information: liu liu ming yi, liu, LIC=VGXG8-3A4DQ-UHG8H-W4J54-VZYPI-6QW50
 
Tool Versions:
Toolchain:       MDK-ARM Plus  Version: 5.40.0.5
Toolchain Path:  D:\keil5\ARM\ARMCC\Bin
C Compiler:      Armcc.exe V5.06 update 5 (build 528)
Assembler:       Armasm.exe V5.06 update 5 (build 528)
Linker/Locator:  ArmLink.exe V5.06 update 5 (build 528)
Library Manager: ArmAr.exe V5.06 update 5 (build 528)
Hex Converter:   FromElf.exe V5.06 update 5 (build 528)
CPU DLL:         SARMCM3.DLL V5.40.0.5
Dialog DLL:      DCM.DLL V1.17.5.0
Target DLL:      STLink\ST-LINKIII-KEIL_SWO.dll V3.3.0.0
Dialog DLL:      TCM.DLL V1.56.4.0
 
<h2>Project:</h2>
D:\Cube MX\hnh\freeRTOS advance\RTOS advance\MDK-ARM\RTOS advance.uvprojx
Project File Date:  10/02/2024

<h2>Output:</h2>
*** Using Compiler 'V5.06 update 5 (build 528)', folder: 'D:\keil5\ARM\ARMCC\Bin'
Rebuild target 'RTOS advance'
assembling startup_stm32f103xb.s...
compiling i2c.c...
compiling gpio.c...
compiling dma.c...
compiling stm32f1xx_hal_timebase_tim.c...
compiling stm32f1xx_it.c...
compiling tim.c...
compiling stm32f1xx_hal.c...
compiling stm32f1xx_hal_msp.c...
compiling stm32f1xx_hal_gpio_ex.c...
compiling freertos.c...
../Core/Src/freertos.c(212): warning:  #550-D: variable "xReturn"  was set but never used
      BaseType_t xReturn;
../Core/Src/freertos.c: 1 warning, 0 errors
compiling main.c...
compiling usart.c...
compiling stm32f1xx_hal_rcc_ex.c...
compiling stm32f1xx_hal_rcc.c...
compiling stm32f1xx_hal_cortex.c...
compiling stm32f1xx_hal_flash_ex.c...
compiling stm32f1xx_hal_exti.c...
compiling stm32f1xx_hal_gpio.c...
compiling stm32f1xx_hal_pwr.c...
compiling stm32f1xx_hal_dma.c...
compiling stm32f1xx_hal_flash.c...
compiling croutine.c...
compiling stm32f1xx_hal_tim_ex.c...
compiling event_groups.c...
compiling list.c...
compiling queue.c...
compiling stream_buffer.c...
compiling stm32f1xx_hal_i2c.c...
compiling timers.c...
compiling system_stm32f1xx.c...
compiling heap_4.c...
compiling tasks.c...
compiling stm32f1xx_hal_uart.c...
compiling stm32f1xx_hal_tim.c...
compiling cmsis_os2.c...
compiling port.c...
compiling MPU6050.c...
compiling OLED.c...
..\Core\Src\OLED.c(28): warning:  #188-D: enumerated type mixed with another type
  	OLED_W_SCL(1);
..\Core\Src\OLED.c(29): warning:  #188-D: enumerated type mixed with another type
  	OLED_W_SDA(1);
..\Core\Src\OLED.c(39): warning:  #188-D: enumerated type mixed with another type
  	OLED_W_SDA(1);
..\Core\Src\OLED.c(40): warning:  #188-D: enumerated type mixed with another type
  	OLED_W_SCL(1);
..\Core\Src\OLED.c(41): warning:  #188-D: enumerated type mixed with another type
  	OLED_W_SDA(0);
..\Core\Src\OLED.c(42): warning:  #188-D: enumerated type mixed with another type
  	OLED_W_SCL(0);
..\Core\Src\OLED.c(52): warning:  #188-D: enumerated type mixed with another type
  	OLED_W_SDA(0);
..\Core\Src\OLED.c(53): warning:  #188-D: enumerated type mixed with another type
  	OLED_W_SCL(1);
..\Core\Src\OLED.c(54): warning:  #188-D: enumerated type mixed with another type
  	OLED_W_SDA(1);
..\Core\Src\OLED.c(67): warning:  #188-D: enumerated type mixed with another type
  		OLED_W_SDA(Byte & (0x80 >> i));
..\Core\Src\OLED.c(68): warning:  #188-D: enumerated type mixed with another type
  		OLED_W_SCL(1);
..\Core\Src\OLED.c(69): warning:  #188-D: enumerated type mixed with another type
  		OLED_W_SCL(0);
..\Core\Src\OLED.c(71): warning:  #188-D: enumerated type mixed with another type
  	OLED_W_SCL(1);	//额外的一个时钟，不处理应答信�?
..\Core\Src\OLED.c(72): warning:  #188-D: enumerated type mixed with another type
  	OLED_W_SCL(0);
..\Core\Src\OLED.c: 14 warnings, 0 errors
compiling inv_mpu.c...
compiling inv_mpu_dmp_motion_driver.c...
linking...
Program Size: Code=34628 RO-data=5448 RW-data=216 ZI-data=8544  
FromELF: creating hex file...
"RTOS advance\RTOS advance.axf" - 0 Error(s), 15 Warning(s).

<h2>Software Packages used:</h2>

Package Vendor: ARM
                https://www.keil.com/pack/ARM.CMSIS.6.1.0.pack
                ARM::CMSIS@6.1.0
                CMSIS (Common Microcontroller Software Interface Standard)
   * Component: CORE Version: 6.1.0

Package Vendor: Keil
                http://www.keil.com/pack/Keil.STM32F1xx_DFP.2.2.0.pack
                Keil::STM32F1xx_DFP@2.2.0
                STMicroelectronics STM32F1 Series Device Support, Drivers and Examples

<h2>Collection of Component include folders:</h2>
  ./RTE/_RTOS_advance
  D:/keil5/ARM/PACK/ARM/CMSIS/6.1.0/CMSIS/Core/Include
  D:/keil5/ARM/PACK/Keil/STM32F1xx_DFP/2.2.0/Device/Include

<h2>Collection of Component Files used:</h2>

   * Component: ARM::CMSIS:CORE@6.1.0
      Include file:  CMSIS/Core/Include/tz_context.h
Build Time Elapsed:  00:00:08
</pre>
</body>
</html>
