Component: ARM Compiler 5.06 update 5 (build 528) Tool: armlink [4d35e2]

==============================================================================

Section Cross References

    startup_stm32f103xb.o(STACK) refers (Special) to heapauxi.o(.text) for __use_two_region_memory
    startup_stm32f103xb.o(HEAP) refers (Special) to heapauxi.o(.text) for __use_two_region_memory
    startup_stm32f103xb.o(RESET) refers (Special) to heapauxi.o(.text) for __use_two_region_memory
    startup_stm32f103xb.o(RESET) refers to startup_stm32f103xb.o(STACK) for __initial_sp
    startup_stm32f103xb.o(RESET) refers to startup_stm32f103xb.o(.text) for Reset_Handler
    startup_stm32f103xb.o(RESET) refers to stm32f1xx_it.o(i.NMI_Handler) for NMI_Handler
    startup_stm32f103xb.o(RESET) refers to stm32f1xx_it.o(i.HardFault_Handler) for HardFault_Handler
    startup_stm32f103xb.o(RESET) refers to stm32f1xx_it.o(i.MemManage_Handler) for MemManage_Handler
    startup_stm32f103xb.o(RESET) refers to stm32f1xx_it.o(i.BusFault_Handler) for BusFault_Handler
    startup_stm32f103xb.o(RESET) refers to stm32f1xx_it.o(i.UsageFault_Handler) for UsageFault_Handler
    startup_stm32f103xb.o(RESET) refers to port.o(.emb_text) for SVC_Handler
    startup_stm32f103xb.o(RESET) refers to stm32f1xx_it.o(i.DebugMon_Handler) for DebugMon_Handler
    startup_stm32f103xb.o(RESET) refers to port.o(i.SysTick_Handler) for SysTick_Handler
    startup_stm32f103xb.o(RESET) refers to stm32f1xx_it.o(i.TIM4_IRQHandler) for TIM4_IRQHandler
    startup_stm32f103xb.o(.text) refers (Special) to heapauxi.o(.text) for __use_two_region_memory
    startup_stm32f103xb.o(.text) refers to system_stm32f1xx.o(i.SystemInit) for SystemInit
    startup_stm32f103xb.o(.text) refers to __main.o(!!!main) for __main
    startup_stm32f103xb.o(.text) refers to startup_stm32f103xb.o(HEAP) for Heap_Mem
    startup_stm32f103xb.o(.text) refers to startup_stm32f103xb.o(STACK) for Stack_Mem
    oled.o(i.OLED_Clear) refers to oled.o(i.OLED_SetCursor) for OLED_SetCursor
    oled.o(i.OLED_Clear) refers to oled.o(i.OLED_WriteData) for OLED_WriteData
    oled.o(i.OLED_I2C_Init) refers to gpio.o(i.MX_GPIO_Init) for MX_GPIO_Init
    oled.o(i.OLED_I2C_Init) refers to oled.o(i.OLED_W_SCL) for OLED_W_SCL
    oled.o(i.OLED_I2C_Init) refers to oled.o(i.OLED_W_SDA) for OLED_W_SDA
    oled.o(i.OLED_I2C_SendByte) refers to oled.o(i.OLED_W_SDA) for OLED_W_SDA
    oled.o(i.OLED_I2C_SendByte) refers to oled.o(i.OLED_W_SCL) for OLED_W_SCL
    oled.o(i.OLED_I2C_Start) refers to oled.o(i.OLED_W_SDA) for OLED_W_SDA
    oled.o(i.OLED_I2C_Start) refers to oled.o(i.OLED_W_SCL) for OLED_W_SCL
    oled.o(i.OLED_I2C_Stop) refers to oled.o(i.OLED_W_SDA) for OLED_W_SDA
    oled.o(i.OLED_I2C_Stop) refers to oled.o(i.OLED_W_SCL) for OLED_W_SCL
    oled.o(i.OLED_Init) refers to oled.o(i.OLED_I2C_Init) for OLED_I2C_Init
    oled.o(i.OLED_Init) refers to oled.o(i.OLED_WriteCommand) for OLED_WriteCommand
    oled.o(i.OLED_Init) refers to oled.o(i.OLED_Clear) for OLED_Clear
    oled.o(i.OLED_SetCursor) refers to oled.o(i.OLED_WriteCommand) for OLED_WriteCommand
    oled.o(i.OLED_ShowBinNum) refers to oled.o(i.OLED_Pow) for OLED_Pow
    oled.o(i.OLED_ShowBinNum) refers to oled.o(i.OLED_ShowChar) for OLED_ShowChar
    oled.o(i.OLED_ShowChar) refers to oled.o(i.OLED_SetCursor) for OLED_SetCursor
    oled.o(i.OLED_ShowChar) refers to oled.o(i.OLED_WriteData) for OLED_WriteData
    oled.o(i.OLED_ShowChar) refers to oled.o(.constdata) for .constdata
    oled.o(i.OLED_ShowHexNum) refers to oled.o(i.OLED_Pow) for OLED_Pow
    oled.o(i.OLED_ShowHexNum) refers to oled.o(i.OLED_ShowChar) for OLED_ShowChar
    oled.o(i.OLED_ShowNum) refers to oled.o(i.OLED_Pow) for OLED_Pow
    oled.o(i.OLED_ShowNum) refers to oled.o(i.OLED_ShowChar) for OLED_ShowChar
    oled.o(i.OLED_ShowSignedNum) refers to oled.o(i.OLED_ShowChar) for OLED_ShowChar
    oled.o(i.OLED_ShowSignedNum) refers to oled.o(i.OLED_Pow) for OLED_Pow
    oled.o(i.OLED_ShowString) refers to oled.o(i.OLED_ShowChar) for OLED_ShowChar
    oled.o(i.OLED_W_SCL) refers to stm32f1xx_hal_gpio.o(i.HAL_GPIO_WritePin) for HAL_GPIO_WritePin
    oled.o(i.OLED_W_SDA) refers to stm32f1xx_hal_gpio.o(i.HAL_GPIO_WritePin) for HAL_GPIO_WritePin
    oled.o(i.OLED_WriteCommand) refers to oled.o(i.OLED_I2C_Start) for OLED_I2C_Start
    oled.o(i.OLED_WriteCommand) refers to oled.o(i.OLED_I2C_SendByte) for OLED_I2C_SendByte
    oled.o(i.OLED_WriteCommand) refers to oled.o(i.OLED_I2C_Stop) for OLED_I2C_Stop
    oled.o(i.OLED_WriteData) refers to oled.o(i.OLED_I2C_Start) for OLED_I2C_Start
    oled.o(i.OLED_WriteData) refers to oled.o(i.OLED_I2C_SendByte) for OLED_I2C_SendByte
    oled.o(i.OLED_WriteData) refers to oled.o(i.OLED_I2C_Stop) for OLED_I2C_Stop
    main.o(i.HAL_TIM_PeriodElapsedCallback) refers to stm32f1xx_hal.o(i.HAL_IncTick) for HAL_IncTick
    main.o(i.SystemClock_Config) refers to rt_memclr_w.o(.text) for __aeabi_memclr4
[...]
    atanhi                                   0x080084e8   Data          32  atan.o(.constdata)
    atanlo                                   0x08008508   Data          32  atan.o(.constdata)
    aTodd                                    0x08008528   Data          40  atan.o(.constdata)
    aTeven                                   0x08008550   Data          48  atan.o(.constdata)
    .constdata                               0x08008580   Section        8  qnan.o(.constdata)
    .conststring                             0x08008588   Section       12  freertos.o(.conststring)
    .data                                    0x20000000   Section        4  freertos.o(.data)
    .data                                    0x20000004   Section       12  stm32f1xx_hal.o(.data)
    .data                                    0x20000010   Section        4  system_stm32f1xx.o(.data)
    .data                                    0x20000014   Section       60  tasks.o(.data)
    pxDelayedTaskList                        0x20000018   Data           4  tasks.o(.data)
    pxOverflowDelayedTaskList                0x2000001c   Data           4  tasks.o(.data)
    uxDeletedTasksWaitingCleanUp             0x20000020   Data           4  tasks.o(.data)
    uxCurrentNumberOfTasks                   0x20000024   Data           4  tasks.o(.data)
    xTickCount                               0x20000028   Data           4  tasks.o(.data)
    uxTopReadyPriority                       0x2000002c   Data           4  tasks.o(.data)
    xSchedulerRunning                        0x20000030   Data           4  tasks.o(.data)
    uxPendedTicks                            0x20000034   Data           4  tasks.o(.data)
    xYieldPending                            0x20000038   Data           4  tasks.o(.data)
    xNumOfOverflows                          0x2000003c   Data           4  tasks.o(.data)
    uxTaskNumber                             0x20000040   Data           4  tasks.o(.data)
    xNextTaskUnblockTime                     0x20000044   Data           4  tasks.o(.data)
    xIdleTaskHandle                          0x20000048   Data           4  tasks.o(.data)
    uxSchedulerSuspended                     0x2000004c   Data           4  tasks.o(.data)
    .data                                    0x20000050   Section       20  timers.o(.data)
    pxCurrentTimerList                       0x20000050   Data           4  timers.o(.data)
    pxOverflowTimerList                      0x20000054   Data           4  timers.o(.data)
    xTimerQueue                              0x20000058   Data           4  timers.o(.data)
    xTimerTaskHandle                         0x2000005c   Data           4  timers.o(.data)
    xLastTime                                0x20000060   Data           4  timers.o(.data)
    .data                                    0x20000064   Section        4  cmsis_os2.o(.data)
    KernelState                              0x20000064   Data           4  cmsis_os2.o(.data)
    .data                                    0x20000068   Section       24  heap_4.o(.data)
    pxEnd                                    0x20000068   Data           4  heap_4.o(.data)
    xFreeBytesRemaining                      0x2000006c   Data           4  heap_4.o(.data)
    xMinimumEverFreeBytesRemaining           0x20000070   Data           4  heap_4.o(.data)
    xBlockAllocatedBit                       0x20000074   Data           4  heap_4.o(.data)
    xStart                                   0x20000078   Data           8  heap_4.o(.data)
    .data                                    0x20000080   Section       12  port.o(.data)
    ucMaxSysCallPriority                     0x20000080   Data           1  port.o(.data)
    uxCriticalNesting                        0x20000084   Data           4  port.o(.data)
    ulMaxPRIGROUPValue                       0x20000088   Data           4  port.o(.data)
    .data                                    0x2000008c   Section       44  inv_mpu.o(.data)
    st                                       0x2000008c   Data          44  inv_mpu.o(.data)
    .data                                    0x200000b8   Section        9  mpu6050.o(.data)
    gyro_orientation                         0x200000b8   Data           9  mpu6050.o(.data)
    .bss                                     0x200000c4   Section       84  i2c.o(.bss)
    .bss                                     0x20000118   Section       72  stm32f1xx_hal_timebase_tim.o(.bss)
    .bss                                     0x20000160   Section       64  queue.o(.bss)
    .bss                                     0x200001a0   Section     1220  tasks.o(.bss)
    pxReadyTasksLists                        0x200001a0   Data        1120  tasks.o(.bss)
    xDelayedTaskList1                        0x20000600   Data          20  tasks.o(.bss)
    xDelayedTaskList2                        0x20000614   Data          20  tasks.o(.bss)
    xPendingReadyList                        0x20000628   Data          20  tasks.o(.bss)
    xTasksWaitingTermination                 0x2000063c   Data          20  tasks.o(.bss)
    xSuspendedTaskList                       0x20000650   Data          20  tasks.o(.bss)
    .bss                                     0x20000664   Section      280  timers.o(.bss)
    xActiveTimerList1                        0x20000664   Data          20  timers.o(.bss)
    xActiveTimerList2                        0x20000678   Data          20  timers.o(.bss)
    xStaticTimerQueue                        0x2000068c   Data          80  timers.o(.bss)
    ucStaticTimerQueueStorage                0x200006dc   Data         160  timers.o(.bss)
    .bss                                     0x2000077c   Section     1720  cmsis_os2.o(.bss)
    Idle_TCB                                 0x2000077c   Data          92  cmsis_os2.o(.bss)
    Idle_Stack                               0x200007d8   Data         512  cmsis_os2.o(.bss)
    Timer_TCB                                0x200009d8   Data          92  cmsis_os2.o(.bss)
    Timer_Stack                              0x20000a34   Data        1024  cmsis_os2.o(.bss)
    .bss                                     0x20000e34   Section     3072  heap_4.o(.bss)
    ucHeap                                   0x20000e34   Data        3072  heap_4.o(.bss)
    .bss                                     0x20001a34   Section       16  inv_mpu_dmp_motion_driver.o(.bss)
    dmp                                      0x20001a34   Data          16  inv_mpu_dmp_motion_driver.o(.bss)
    .bss                                     0x20001a44   Section       96  libspace.o(.bss)
    HEAP                                     0x20001aa8   Section      512  startup_stm32f103xb.o(HEAP)
    Heap_Mem                                 0x20001aa8   Data         512  startup_stm32f103xb.o(HEAP)
    STACK                                    0x20001ca8   Section     1024  startup_stm32f103xb.o(STACK)
    Stack_Mem                                0x20001ca8   Data        1024  startup_stm32f103xb.o(STACK)
    __initial_sp                             0x200020a8   Data           0  startup_stm32f103xb.o(STACK)

    Global Symbols

    Symbol Name                              Value     Ov Type        Size  Object(Section)

    BuildAttributes$$THM_ISAv4$P$D$K$B$S$PE$A:L22UL41UL21$X:L11$S22US41US21$IEEE1$IW$USESV6$~STKCKD$USESV7$~SHL$OTIME$ROPI$IEEEX$EBA8$UX$STANDARDLIB$REQ8$PRES8$EABIv2 0x00000000   Number         0  anon$$obj.o ABSOLUTE
    __ARM_use_no_argv                        0x00000000   Number         0  main.o ABSOLUTE
    __ARM_exceptions_init                     - Undefined Weak Reference
    __alloca_initialize                       - Undefined Weak Reference
    __arm_preinit_                            - Undefined Weak Reference
    __cpp_initialize__aeabi_                  - Undefined Weak Reference
    __cxa_finalize                            - Undefined Weak Reference
    __rt_locale                               - Undefined Weak Reference
    __sigvec_lookup                           - Undefined Weak Reference
    _atexit_init                              - Undefined Weak Reference
    _call_atexit_fns                          - Undefined Weak Reference
    _clock_init                               - Undefined Weak Reference
    _fp_trap_init                             - Undefined Weak Reference
    _fp_trap_shutdown                         - Undefined Weak Reference
    _get_lc_collate                           - Undefined Weak Reference
    _get_lc_ctype                             - Undefined Weak Reference
    _get_lc_monetary                          - Undefined Weak Reference
    _get_lc_numeric                           - Undefined Weak Reference
    _get_lc_time                              - Undefined Weak Reference
    _getenv_init                              - Undefined Weak Reference
    _handle_redirection                       - Undefined Weak Reference
    _init_alloc                               - Undefined Weak Reference
    _init_user_alloc                          - Undefined Weak Reference
    _initio                                   - Undefined Weak Reference
    _rand_init                                - Undefined Weak Reference
    _signal_finish                            - Undefined Weak Reference
    _signal_init                              - Undefined Weak Reference
    _terminate_alloc                          - Undefined Weak Reference
    _terminate_user_alloc                     - Undefined Weak Reference
    _terminateio                              - Undefined Weak Reference
    __Vectors_Size                           0x000000ec   Number         0  startup_stm32f103xb.o ABSOLUTE
    __Vectors                                0x08000000   Data           4  startup_stm32f103xb.o(RESET)
    __Vectors_End                            0x080000ec   Data           0  startup_stm32f103xb.o(RESET)
    __main                                   0x080000ed   Thumb Code     8  __main.o(!!!main)
    __scatterload                            0x080000f5   Thumb Code     0  __scatter.o(!!!scatter)
    __scatterload_rt2                        0x080000f5   Thumb Code    44  __scatter.o(!!!scatter)
    __scatterload_rt2_thumb_only             0x080000f5   Thumb Code     0  __scatter.o(!!!scatter)
    __scatterload_null                       0x08000103   Thumb Code     0  __scatter.o(!!!scatter)
    __scatterload_copy                       0x08000129   Thumb Code    26  __scatter_copy.o(!!handler_copy)
    __scatterload_zeroinit                   0x08000145   Thumb Code    28  __scatter_zi.o(!!handler_zi)
    __rt_lib_init                            0x08000161   Thumb Code     0  libinit.o(.ARM.Collect$$libinit$$00000000)
    __rt_lib_init_alloca_1                   0x08000163   Thumb Code     0  libinit2.o(.ARM.Collect$$libinit$$0000002E)
    __rt_lib_init_argv_1                     0x08000163   Thumb Code     0  libinit2.o(.ARM.Collect$$libinit$$0000002C)
    __rt_lib_init_atexit_1                   0x08000163   Thumb Code     0  libinit2.o(.ARM.Collect$$libinit$$0000001B)
    __rt_lib_init_clock_1                    0x08000163   Thumb Code     0  libinit2.o(.ARM.Collect$$libinit$$00000021)
    __rt_lib_init_cpp_1                      0x08000163   Thumb Code     0  libinit2.o(.ARM.Collect$$libinit$$00000032)
    __rt_lib_init_exceptions_1               0x08000163   Thumb Code     0  libinit2.o(.ARM.Collect$$libinit$$00000030)
    __rt_lib_init_fp_1                       0x08000163   Thumb Code     0  libinit2.o(.ARM.Collect$$libinit$$00000002)
    __rt_lib_init_fp_trap_1                  0x08000163   Thumb Code     0  libinit2.o(.ARM.Collect$$libinit$$0000001F)
    __rt_lib_init_getenv_1                   0x08000163   Thumb Code     0  libinit2.o(.ARM.Collect$$libinit$$00000023)
    __rt_lib_init_heap_1                     0x08000163   Thumb Code     0  libinit2.o(.ARM.Collect$$libinit$$0000000A)
    __rt_lib_init_lc_collate_1               0x08000163   Thumb Code     0  libinit2.o(.ARM.Collect$$libinit$$00000011)
    __rt_lib_init_lc_ctype_1                 0x08000163   Thumb Code     0  libinit2.o(.ARM.Collect$$libinit$$00000013)
    __rt_lib_init_lc_monetary_1              0x08000163   Thumb Code     0  libinit2.o(.ARM.Collect$$libinit$$00000015)
    __rt_lib_init_lc_numeric_1               0x08000163   Thumb Code     0  libinit2.o(.ARM.Collect$$libinit$$00000017)
    __rt_lib_init_lc_time_1                  0x08000163   Thumb Code     0  libinit2.o(.ARM.Collect$$libinit$$00000019)
    __rt_lib_init_preinit_1                  0x08000163   Thumb Code     0  libinit2.o(.ARM.Collect$$libinit$$00000004)
    __rt_lib_init_rand_1                     0x08000163   Thumb Code     0  libinit2.o(.ARM.Collect$$libinit$$0000000E)
    __rt_lib_init_return                     0x08000163   Thumb Code     0  libinit2.o(.ARM.Collect$$libinit$$00000033)
    __rt_lib_init_signal_1                   0x08000163   Thumb Code     0  libinit2.o(.ARM.Collect$$libinit$$0000001D)
    __rt_lib_init_stdio_1                    0x08000163   Thumb Code     0  libinit2.o(.ARM.Collect$$libinit$$00000025)
    __rt_lib_init_user_alloc_1               0x08000163   Thumb Code     0  libinit2.o(.ARM.Collect$$libinit$$0000000C)
    __rt_lib_shutdown                        0x08000165   Thumb Code     0  libshutdown.o(.ARM.Collect$$libshutdown$$00000000)
    __rt_lib_shutdown_cpp_1                  0x08000167   Thumb Code     0  libshutdown2.o(.ARM.Collect$$libshutdown$$00000002)
    __rt_lib_shutdown_fp_trap_1              0x08000167   Thumb Code     0  libshutdown2.o(.ARM.Collect$$libshutdown$$00000007)
    __rt_lib_shutdown_heap_1                 0x08000167   Thumb Code     0  libshutdown2.o(.ARM.Collect$$libshutdown$$0000000F)
    __rt_lib_shutdown_return                 0x08000167   Thumb Code     0  libshutdown2.o(.ARM.Collect$$libshutdown$$00000010)
    __rt_lib_shutdown_signal_1               0x08000167   Thumb Code     0  libshutdown2.o(.ARM.Collect$$libshutdown$$0000000A)
    __rt_lib_shutdown_stdio_1                0x08000167   Thumb Code     0  libshutdown2.o(.ARM.Collect$$libshutdown$$00000004)
    __rt_lib_shutdown_user_alloc_1           0x08000167   Thumb Code     0  libshutdown2.o(.ARM.Collect$$libshutdown$$0000000C)
    __rt_entry                               0x08000169   Thumb Code     0  __rtentry.o(.ARM.Collect$$rtentry$$00000000)
    __rt_entry_presh_1                       0x08000169   Thumb Code     0  __rtentry2.o(.ARM.Collect$$rtentry$$00000002)
    __rt_entry_sh                            0x08000169   Thumb Code     0  __rtentry4.o(.ARM.Collect$$rtentry$$00000004)
    __rt_entry_li                            0x0800016f   Thumb Code     0  __rtentry2.o(.ARM.Collect$$rtentry$$0000000A)
    __rt_entry_postsh_1                      0x0800016f   Thumb Code     0  __rtentry2.o(.ARM.Collect$$rtentry$$00000009)
    __rt_entry_main                          0x08000173   Thumb Code     0  __rtentry2.o(.ARM.Collect$$rtentry$$0000000D)
    __rt_entry_postli_1                      0x08000173   Thumb Code     0  __rtentry2.o(.ARM.Collect$$rtentry$$0000000C)
    __rt_exit                                0x0800017b   Thumb Code     0  rtexit.o(.ARM.Collect$$rtexit$$00000000)
    __rt_exit_ls                             0x0800017d   Thumb Code     0  rtexit2.o(.ARM.Collect$$rtexit$$00000003)
    __rt_exit_prels_1                        0x0800017d   Thumb Code     0  rtexit2.o(.ARM.Collect$$rtexit$$00000002)
    __rt_exit_exit                           0x08000181   Thumb Code     0  rtexit2.o(.ARM.Collect$$rtexit$$00000004)
    SVC_Handler                              0x08000189   Thumb Code    32  port.o(.emb_text)
    __asm___6_port_c_39a90d8d__prvStartFirstTask 0x080001ad   Thumb Code    28  port.o(.emb_text)
    PendSV_Handler                           0x080001cd   Thumb Code    72  port.o(.emb_text)
    vPortGetIPSR                             0x08000219   Thumb Code     6  port.o(.emb_text)
    Reset_Handler                            0x08000221   Thumb Code     8  startup_stm32f103xb.o(.text)
    ADC1_2_IRQHandler                        0x0800023b   Thumb Code     0  startup_stm32f103xb.o(.text)
    CAN1_RX1_IRQHandler                      0x0800023b   Thumb Code     0  startup_stm32f103xb.o(.text)
    CAN1_SCE_IRQHandler                      0x0800023b   Thumb Code     0  startup_stm32f103xb.o(.text)
    DMA1_Channel1_IRQHandler                 0x0800023b   Thumb Code     0  startup_stm32f103xb.o(.text)
    DMA1_Channel2_IRQHandler                 0x0800023b   Thumb Code     0  startup_stm32f103xb.o(.text)
    DMA1_Channel3_IRQHandler                 0x0800023b   Thumb Code     0  startup_stm32f103xb.o(.text)
    DMA1_Channel4_IRQHandler                 0x0800023b   Thumb Code     0  startup_stm32f103xb.o(.text)
    DMA1_Channel5_IRQHandler                 0x0800023b   Thumb Code     0  startup_stm32f103xb.o(.text)
    DMA1_Channel6_IRQHandler                 0x0800023b   Thumb Code     0  startup_stm32f103xb.o(.text)
    DMA1_Channel7_IRQHandler                 0x0800023b   Thumb Code     0  startup_stm32f103xb.o(.text)
    EXTI0_IRQHandler                         0x0800023b   Thumb Code     0  startup_stm32f103xb.o(.text)
    EXTI15_10_IRQHandler                     0x0800023b   Thumb Code     0  startup_stm32f103xb.o(.text)
    EXTI1_IRQHandler                         0x0800023b   Thumb Code     0  startup_stm32f103xb.o(.text)
    EXTI2_IRQHandler                         0x0800023b   Thumb Code     0  startup_stm32f103xb.o(.text)
    EXTI3_IRQHandler                         0x0800023b   Thumb Code     0  startup_stm32f103xb.o(.text)
    EXTI4_IRQHandler                         0x0800023b   Thumb Code     0  startup_stm32f103xb.o(.text)
    EXTI9_5_IRQHandler                       0x0800023b   Thumb Code     0  startup_stm32f103xb.o(.text)
    FLASH_IRQHandler                         0x0800023b   Thumb Code     0  startup_stm32f103xb.o(.text)
    I2C1_ER_IRQHandler                       0x0800023b   Thumb Code     0  startup_stm32f103xb.o(.text)
    I2C1_EV_IRQHandler                       0x0800023b   Thumb Code     0  startup_stm32f103xb.o(.text)
    I2C2_ER_IRQHandler                       0x0800023b   Thumb Code     0  startup_stm32f103xb.o(.text)
    I2C2_EV_IRQHandler                       0x0800023b   Thumb Code     0  startup_stm32f103xb.o(.text)
    PVD_IRQHandler                           0x0800023b   Thumb Code     0  startup_stm32f103xb.o(.text)
    RCC_IRQHandler                           0x0800023b   Thumb Code     0  startup_stm32f103xb.o(.text)
    RTC_Alarm_IRQHandler                     0x0800023b   Thumb Code     0  startup_stm32f103xb.o(.text)
    RTC_IRQHandler                           0x0800023b   Thumb Code     0  startup_stm32f103xb.o(.text)
    SPI1_IRQHandler                          0x0800023b   Thumb Code     0  startup_stm32f103xb.o(.text)
    SPI2_IRQHandler                          0x0800023b   Thumb Code     0  startup_stm32f103xb.o(.text)
    TAMPER_IRQHandler                        0x0800023b   Thumb Code     0  startup_stm32f103xb.o(.text)
    TIM1_BRK_IRQHandler                      0x0800023b   Thumb Code     0  startup_stm32f103xb.o(.text)
    TIM1_CC_IRQHandler                       0x0800023b   Thumb Code     0  startup_stm32f103xb.o(.text)
    TIM1_TRG_COM_IRQHandler                  0x0800023b   Thumb Code     0  startup_stm32f103xb.o(.text)
    TIM1_UP_IRQHandler                       0x0800023b   Thumb Code     0  startup_stm32f103xb.o(.text)
    TIM2_IRQHandler                          0x0800023b   Thumb Code     0  startup_stm32f103xb.o(.text)
    TIM3_IRQHandler                          0x0800023b   Thumb Code     0  startup_stm32f103xb.o(.text)
    USART1_IRQHandler                        0x0800023b   Thumb Code     0  startup_stm32f103xb.o(.text)
    USART2_IRQHandler                        0x0800023b   Thumb Code     0  startup_stm32f103xb.o(.text)
    USART3_IRQHandler                        0x0800023b   Thumb Code     0  startup_stm32f103xb.o(.text)
    USBWakeUp_IRQHandler                     0x0800023b   Thumb Code     0  startup_stm32f103xb.o(.text)
    USB_HP_CAN1_TX_IRQHandler                0x0800023b   Thumb Code     0  startup_stm32f103xb.o(.text)
    USB_LP_CAN1_RX0_IRQHandler               0x0800023b   Thumb Code     0  startup_stm32f103xb.o(.text)
    WWDG_IRQHandler                          0x0800023b   Thumb Code     0  startup_stm32f103xb.o(.text)
    __user_initial_stackheap                 0x0800023d   Thumb Code     0  startup_stm32f103xb.o(.text)
    __aeabi_ldivmod                          0x08000261   Thumb Code     0  llsdiv.o(.text)
    _ll_sdiv                                 0x08000261   Thumb Code    72  llsdiv.o(.text)
    memcmp                                   0x080002a9   Thumb Code    88  memcmp.o(.text)
    __aeabi_memcpy                           0x08000301   Thumb Code     0  rt_memcpy_v6.o(.text)
    __rt_memcpy                              0x08000301   Thumb Code   138  rt_memcpy_v6.o(.text)
    _memcpy_lastbytes                        0x08000367   Thumb Code     0  rt_memcpy_v6.o(.text)
    __aeabi_memset                           0x0800038b   Thumb Code    16  aeabi_memset.o(.text)
    __aeabi_memclr4                          0x0800039b   Thumb Code     0  rt_memclr_w.o(.text)
    __aeabi_memclr8                          0x0800039b   Thumb Code     0  rt_memclr_w.o(.text)
    __rt_memclr_w                            0x0800039b   Thumb Code    78  rt_memclr_w.o(.text)
    _memset_w                                0x0800039f   Thumb Code     0  rt_memclr_w.o(.text)
    __use_two_region_memory                  0x080003e9   Thumb Code     2  heapauxi.o(.text)
    __rt_heap_escrow$2region                 0x080003eb   Thumb Code     2  heapauxi.o(.text)
    __rt_heap_expand$2region                 0x080003ed   Thumb Code     2  heapauxi.o(.text)
    __aeabi_uldivmod                         0x080003ef   Thumb Code     0  lludivv7m.o(.text)
    _ll_udiv                                 0x080003ef   Thumb Code   238  lludivv7m.o(.text)
    __read_errno                             0x080004dd   Thumb Code    10  _rserrno.o(.text)
    __set_errno                              0x080004e7   Thumb Code    12  _rserrno.o(.text)
    __aeabi_memcpy4                          0x080004f3   Thumb Code     0  rt_memcpy_w.o(.text)
    __aeabi_memcpy8                          0x080004f3   Thumb Code     0  rt_memcpy_w.o(.text)
    __rt_memcpy_w                            0x080004f3   Thumb Code   100  rt_memcpy_w.o(.text)
    _memcpy_lastbytes_aligned                0x0800053b   Thumb Code     0  rt_memcpy_w.o(.text)
    __aeabi_memclr                           0x08000557   Thumb Code     0  rt_memclr.o(.text)
    __rt_memclr                              0x08000557   Thumb Code    68  rt_memclr.o(.text)
    _memset                                  0x0800055b   Thumb Code     0  rt_memclr.o(.text)
    __aeabi_errno_addr                       0x0800059d   Thumb Code     8  rt_errno_addr_intlibspace.o(.text)
    __errno$intlibspace                      0x0800059d   Thumb Code     0  rt_errno_addr_intlibspace.o(.text)
    __rt_errno_addr$intlibspace              0x0800059d   Thumb Code     0  rt_errno_addr_intlibspace.o(.text)
    __user_libspace                          0x080005a5   Thumb Code     8  libspace.o(.text)
    __user_perproc_libspace                  0x080005a5   Thumb Code     0  libspace.o(.text)
    __user_perthread_libspace                0x080005a5   Thumb Code     0  libspace.o(.text)
    __user_setup_stackheap                   0x080005ad   Thumb Code    74  sys_stackheap_outer.o(.text)
    exit                                     0x080005f7   Thumb Code    18  exit.o(.text)
    _sys_exit                                0x08000609   Thumb Code     8  sys_exit.o(.text)
    __I$use$semihosting                      0x08000615   Thumb Code     0  use_no_semi.o(.text)
    __use_no_semihosting_swi                 0x08000615   Thumb Code     2  use_no_semi.o(.text)
    BusFault_Handler                         0x08000617   Thumb Code     2  stm32f1xx_it.o(i.BusFault_Handler)
    __semihosting_library_function           0x08000617   Thumb Code     0  indicate_semi.o(.text)
    DebugMon_Handler                         0x08000619   Thumb Code     2  stm32f1xx_it.o(i.DebugMon_Handler)
    Error_Handler                            0x0800061b   Thumb Code     4  main.o(i.Error_Handler)
    HAL_Delay                                0x08000621   Thumb Code    32  stm32f1xx_hal.o(i.HAL_Delay)
    HAL_GPIO_Init                            0x08000645   Thumb Code   446  stm32f1xx_hal_gpio.o(i.HAL_GPIO_Init)
    HAL_GPIO_WritePin                        0x08000825   Thumb Code    10  stm32f1xx_hal_gpio.o(i.HAL_GPIO_WritePin)
    HAL_GetTick                              0x08000831   Thumb Code     6  stm32f1xx_hal.o(i.HAL_GetTick)
    HAL_I2C_Init                             0x0800083d   Thumb Code   376  stm32f1xx_hal_i2c.o(i.HAL_I2C_Init)
    HAL_I2C_Mem_Read                         0x080009c5   Thumb Code   574  stm32f1xx_hal_i2c.o(i.HAL_I2C_Mem_Read)
    HAL_I2C_Mem_Write                        0x08000c15   Thumb Code   294  stm32f1xx_hal_i2c.o(i.HAL_I2C_Mem_Write)
    HAL_I2C_MspInit                          0x08000d45   Thumb Code    82  i2c.o(i.HAL_I2C_MspInit)
    HAL_IncTick                              0x08000da5   Thumb Code    12  stm32f1xx_hal.o(i.HAL_IncTick)
    HAL_Init                                 0x08000db5   Thumb Code    32  stm32f1xx_hal.o(i.HAL_Init)
    HAL_InitTick                             0x08000dd9   Thumb Code   132  stm32f1xx_hal_timebase_tim.o(i.HAL_InitTick)
    HAL_MspInit                              0x08000e71   Thumb Code    62  stm32f1xx_hal_msp.o(i.HAL_MspInit)
    HAL_NVIC_EnableIRQ                       0x08000eb9   Thumb Code    26  stm32f1xx_hal_cortex.o(i.HAL_NVIC_EnableIRQ)
    HAL_NVIC_SetPriority                     0x08000ed5   Thumb Code    60  stm32f1xx_hal_cortex.o(i.HAL_NVIC_SetPriority)
    HAL_NVIC_SetPriorityGrouping             0x08000f15   Thumb Code    26  stm32f1xx_hal_cortex.o(i.HAL_NVIC_SetPriorityGrouping)
    HAL_RCC_ClockConfig                      0x08000f39   Thumb Code   280  stm32f1xx_hal_rcc.o(i.HAL_RCC_ClockConfig)
    HAL_RCC_GetClockConfig                   0x08001065   Thumb Code    54  stm32f1xx_hal_rcc.o(i.HAL_RCC_GetClockConfig)
    HAL_RCC_GetPCLK1Freq                     0x080010a5   Thumb Code    20  stm32f1xx_hal_rcc.o(i.HAL_RCC_GetPCLK1Freq)
    HAL_RCC_GetSysClockFreq                  0x080010c5   Thumb Code    58  stm32f1xx_hal_rcc.o(i.HAL_RCC_GetSysClockFreq)
    HAL_RCC_OscConfig                        0x08001111   Thumb Code   778  stm32f1xx_hal_rcc.o(i.HAL_RCC_OscConfig)
    HAL_TIMEx_BreakCallback                  0x08001431   Thumb Code     2  stm32f1xx_hal_tim_ex.o(i.HAL_TIMEx_BreakCallback)
    HAL_TIMEx_CommutCallback                 0x08001433   Thumb Code     2  stm32f1xx_hal_tim_ex.o(i.HAL_TIMEx_CommutCallback)
    HAL_TIM_Base_Init                        0x08001435   Thumb Code    90  stm32f1xx_hal_tim.o(i.HAL_TIM_Base_Init)
    HAL_TIM_Base_MspInit                     0x0800148f   Thumb Code     2  stm32f1xx_hal_tim.o(i.HAL_TIM_Base_MspInit)
    HAL_TIM_Base_Start_IT                    0x08001491   Thumb Code    76  stm32f1xx_hal_tim.o(i.HAL_TIM_Base_Start_IT)
    HAL_TIM_IC_CaptureCallback               0x080014e9   Thumb Code     2  stm32f1xx_hal_tim.o(i.HAL_TIM_IC_CaptureCallback)
    HAL_TIM_IRQHandler                       0x080014eb   Thumb Code   358  stm32f1xx_hal_tim.o(i.HAL_TIM_IRQHandler)
    HAL_TIM_OC_DelayElapsedCallback          0x08001651   Thumb Code     2  stm32f1xx_hal_tim.o(i.HAL_TIM_OC_DelayElapsedCallback)
    HAL_TIM_PWM_PulseFinishedCallback        0x08001653   Thumb Code     2  stm32f1xx_hal_tim.o(i.HAL_TIM_PWM_PulseFinishedCallback)
    HAL_TIM_PeriodElapsedCallback            0x08001655   Thumb Code    14  main.o(i.HAL_TIM_PeriodElapsedCallback)
    HAL_TIM_TriggerCallback                  0x08001669   Thumb Code     2  stm32f1xx_hal_tim.o(i.HAL_TIM_TriggerCallback)
    HardFault_Handler                        0x0800166b   Thumb Code     2  stm32f1xx_it.o(i.HardFault_Handler)
    MPU6050_DMP_Get_Data                     0x08001aad   Thumb Code   460  mpu6050.o(i.MPU6050_DMP_Get_Data)
    MPU6050_DMP_Init                         0x08001c7d   Thumb Code   172  mpu6050.o(i.MPU6050_DMP_Init)
    MX_FREERTOS_Init                         0x08001d2d   Thumb Code    18  freertos.o(i.MX_FREERTOS_Init)
    MX_GPIO_Init                             0x08001d4d   Thumb Code   104  gpio.o(i.MX_GPIO_Init)
    MX_I2C2_Init                             0x08001dbd   Thumb Code    50  i2c.o(i.MX_I2C2_Init)
    MemManage_Handler                        0x08001dfd   Thumb Code     2  stm32f1xx_it.o(i.MemManage_Handler)
    NMI_Handler                              0x08001dff   Thumb Code     2  stm32f1xx_it.o(i.NMI_Handler)
    OLED_Clear                               0x08001e01   Thumb Code    38  oled.o(i.OLED_Clear)
    OLED_I2C_Init                            0x08001e27   Thumb Code    22  oled.o(i.OLED_I2C_Init)
    OLED_I2C_SendByte                        0x08001e3d   Thumb Code    54  oled.o(i.OLED_I2C_SendByte)
    OLED_I2C_Start                           0x08001e73   Thumb Code    30  oled.o(i.OLED_I2C_Start)
    OLED_I2C_Stop                            0x08001e91   Thumb Code    24  oled.o(i.OLED_I2C_Stop)
    OLED_Init                                0x08001ea9   Thumb Code   172  oled.o(i.OLED_Init)
    OLED_Pow                                 0x08001f55   Thumb Code    14  oled.o(i.OLED_Pow)
    OLED_SetCursor                           0x08001f63   Thumb Code    34  oled.o(i.OLED_SetCursor)
    OLED_ShowChar                            0x08001f85   Thumb Code    98  oled.o(i.OLED_ShowChar)
    OLED_ShowSignedNum                       0x08001fed   Thumb Code    88  oled.o(i.OLED_ShowSignedNum)
    OLED_ShowString                          0x08002045   Thumb Code    38  oled.o(i.OLED_ShowString)
    OLED_W_SCL                               0x0800206d   Thumb Code    12  oled.o(i.OLED_W_SCL)
    OLED_W_SDA                               0x0800207d   Thumb Code    12  oled.o(i.OLED_W_SDA)
    OLED_WriteCommand                        0x0800208d   Thumb Code    34  oled.o(i.OLED_WriteCommand)
    OLED_WriteData                           0x080020af   Thumb Code    34  oled.o(i.OLED_WriteData)
    StartDefaultTask                         0x080020d1   Thumb Code   206  freertos.o(i.StartDefaultTask)
    SysTick_Handler                          0x080021b5   Thumb Code    38  port.o(i.SysTick_Handler)
    SystemClock_Config                       0x080021e1   Thumb Code    94  main.o(i.SystemClock_Config)
    SystemInit                               0x0800223f   Thumb Code     2  system_stm32f1xx.o(i.SystemInit)
    TIM4_IRQHandler                          0x08002241   Thumb Code     6  stm32f1xx_it.o(i.TIM4_IRQHandler)
    TIM_Base_SetConfig                       0x0800224d   Thumb Code    94  stm32f1xx_hal_tim.o(i.TIM_Base_SetConfig)
    UsageFault_Handler                       0x080022b9   Thumb Code     2  stm32f1xx_it.o(i.UsageFault_Handler)
    __ARM_fpclassify                         0x080022bb   Thumb Code    40  fpclassify.o(i.__ARM_fpclassify)
    __kernel_poly                            0x08002303   Thumb Code   170  poly.o(i.__kernel_poly)
    __mathlib_dbl_infnan                     0x080023ad   Thumb Code     6  dunder.o(i.__mathlib_dbl_infnan)
    __mathlib_dbl_infnan2                    0x080023b3   Thumb Code     4  dunder.o(i.__mathlib_dbl_infnan2)
    __mathlib_dbl_invalid                    0x080023b7   Thumb Code    12  dunder.o(i.__mathlib_dbl_invalid)
    __mathlib_dbl_underflow                  0x080023c5   Thumb Code    10  dunder.o(i.__mathlib_dbl_underflow)
    asin                                     0x08002455   Thumb Code   572  asin.o(i.asin)
    atan                                     0x080026c5   Thumb Code   474  atan.o(i.atan)
    atan2                                    0x080028e5   Thumb Code   346  atan2.o(i.atan2)
    dmp_enable_6x_lp_quat                    0x08002a65   Thumb Code    58  inv_mpu_dmp_motion_driver.o(i.dmp_enable_6x_lp_quat)
    dmp_enable_feature                       0x08002aa1   Thumb Code   464  inv_mpu_dmp_motion_driver.o(i.dmp_enable_feature)
    dmp_enable_gyro_cal                      0x08002c79   Thumb Code    34  inv_mpu_dmp_motion_driver.o(i.dmp_enable_gyro_cal)
    dmp_enable_lp_quat                       0x08002cb5   Thumb Code    58  inv_mpu_dmp_motion_driver.o(i.dmp_enable_lp_quat)
    dmp_load_motion_driver_firmware          0x08002cf1   Thumb Code    16  inv_mpu_dmp_motion_driver.o(i.dmp_load_motion_driver_firmware)
    dmp_read_fifo                            0x08002d05   Thumb Code   322  inv_mpu_dmp_motion_driver.o(i.dmp_read_fifo)
    dmp_set_accel_bias                       0x08002e4d   Thumb Code   212  inv_mpu_dmp_motion_driver.o(i.dmp_set_accel_bias)
    dmp_set_fifo_rate                        0x08002f25   Thumb Code    82  inv_mpu_dmp_motion_driver.o(i.dmp_set_fifo_rate)
    dmp_set_gyro_bias                        0x08002f89   Thumb Code   196  inv_mpu_dmp_motion_driver.o(i.dmp_set_gyro_bias)
    dmp_set_orientation                      0x08003055   Thumb Code   246  inv_mpu_dmp_motion_driver.o(i.dmp_set_orientation)
    dmp_set_shake_reject_thresh              0x08003161   Thumb Code    48  inv_mpu_dmp_motion_driver.o(i.dmp_set_shake_reject_thresh)
    dmp_set_shake_reject_time                0x08003191   Thumb Code    32  inv_mpu_dmp_motion_driver.o(i.dmp_set_shake_reject_time)
    dmp_set_shake_reject_timeout             0x080031b1   Thumb Code    32  inv_mpu_dmp_motion_driver.o(i.dmp_set_shake_reject_timeout)
    dmp_set_tap_axes                         0x080031d1   Thumb Code    64  inv_mpu_dmp_motion_driver.o(i.dmp_set_tap_axes)
    dmp_set_tap_count                        0x08003211   Thumb Code    34  inv_mpu_dmp_motion_driver.o(i.dmp_set_tap_count)
    dmp_set_tap_thresh                       0x08003235   Thumb Code   274  inv_mpu_dmp_motion_driver.o(i.dmp_set_tap_thresh)
    dmp_set_tap_time                         0x0800335d   Thumb Code    32  inv_mpu_dmp_motion_driver.o(i.dmp_set_tap_time)
    dmp_set_tap_time_multi                   0x0800337d   Thumb Code    32  inv_mpu_dmp_motion_driver.o(i.dmp_set_tap_time_multi)
    main                                     0x080039c9   Thumb Code    34  main.o(i.main)
    mpu_configure_fifo                       0x080039ed   Thumb Code    78  inv_mpu.o(i.mpu_configure_fifo)
    mpu_get_accel_fsr                        0x08003a41   Thumb Code    54  inv_mpu.o(i.mpu_get_accel_fsr)
    mpu_get_accel_sens                       0x08003a7d   Thumb Code    62  inv_mpu.o(i.mpu_get_accel_sens)
    mpu_get_gyro_fsr                         0x08003ac1   Thumb Code    48  inv_mpu.o(i.mpu_get_gyro_fsr)
    mpu_get_gyro_sens                        0x08003af5   Thumb Code    44  inv_mpu.o(i.mpu_get_gyro_sens)
    mpu_get_lpf                              0x08003b35   Thumb Code    52  inv_mpu.o(i.mpu_get_lpf)
    mpu_get_sample_rate                      0x08003b6d   Thumb Code    22  inv_mpu.o(i.mpu_get_sample_rate)
    mpu_init                                 0x08003b89   Thumb Code   334  inv_mpu.o(i.mpu_init)
    mpu_load_firmware                        0x08003ce1   Thumb Code   178  inv_mpu.o(i.mpu_load_firmware)
    mpu_lp_accel_mode                        0x08003d9d   Thumb Code   220  inv_mpu.o(i.mpu_lp_accel_mode)
    mpu_read_fifo_stream                     0x08003e81   Thumb Code   188  inv_mpu.o(i.mpu_read_fifo_stream)
    mpu_read_mem                             0x08003f45   Thumb Code   106  inv_mpu.o(i.mpu_read_mem)
    mpu_reset_fifo                           0x08003fb9   Thumb Code   454  inv_mpu.o(i.mpu_reset_fifo)
    mpu_run_self_test                        0x08004189   Thumb Code   234  inv_mpu.o(i.mpu_run_self_test)
    mpu_set_accel_fsr                        0x08004279   Thumb Code   116  inv_mpu.o(i.mpu_set_accel_fsr)
    mpu_set_bypass                           0x080042f5   Thumb Code   320  inv_mpu.o(i.mpu_set_bypass)
    mpu_set_dmp_state                        0x0800443d   Thumb Code   140  inv_mpu.o(i.mpu_set_dmp_state)
    mpu_set_gyro_fsr                         0x080044d1   Thumb Code   122  inv_mpu.o(i.mpu_set_gyro_fsr)
    mpu_set_int_latched                      0x08004555   Thumb Code   110  inv_mpu.o(i.mpu_set_int_latched)
    mpu_set_lpf                              0x080045cd   Thumb Code   116  inv_mpu.o(i.mpu_set_lpf)
    mpu_set_sample_rate                      0x08004649   Thumb Code   142  inv_mpu.o(i.mpu_set_sample_rate)
    mpu_set_sensors                          0x080046e1   Thumb Code   214  inv_mpu.o(i.mpu_set_sensors)
    mpu_write_mem                            0x080047c1   Thumb Code   106  inv_mpu.o(i.mpu_write_mem)
    osDelay                                  0x08004835   Thumb Code    46  cmsis_os2.o(i.osDelay)
    osKernelInitialize                       0x08004869   Thumb Code    50  cmsis_os2.o(i.osKernelInitialize)
    osKernelStart                            0x080048a1   Thumb Code    58  cmsis_os2.o(i.osKernelStart)
    osThreadNew                              0x080048e1   Thumb Code   160  cmsis_os2.o(i.osThreadNew)
    pvPortMalloc                             0x080050c9   Thumb Code   210  heap_4.o(i.pvPortMalloc)
    pxPortInitialiseStack                    0x080051a1   Thumb Code    32  port.o(i.pxPortInitialiseStack)
    sqrt                                     0x080052b5   Thumb Code    76  sqrt.o(i.sqrt)
    uxListRemove                             0x08005301   Thumb Code    38  list.o(i.uxListRemove)
    vApplicationGetIdleTaskMemory            0x08005329   Thumb Code    16  cmsis_os2.o(i.vApplicationGetIdleTaskMemory)
    vApplicationGetTimerTaskMemory           0x0800533d   Thumb Code    18  cmsis_os2.o(i.vApplicationGetTimerTaskMemory)
    vListInitialise                          0x08005355   Thumb Code    22  list.o(i.vListInitialise)
    vListInitialiseItem                      0x0800536b   Thumb Code     6  list.o(i.vListInitialiseItem)
    vListInsert                              0x08005371   Thumb Code    48  list.o(i.vListInsert)
    vListInsertEnd                           0x080053a1   Thumb Code    24  list.o(i.vListInsertEnd)
    vPortEnterCritical                       0x080053b9   Thumb Code    54  port.o(i.vPortEnterCritical)
    vPortExitCritical                        0x080053f9   Thumb Code    34  port.o(i.vPortExitCritical)
    vPortFree                                0x08005421   Thumb Code    88  heap_4.o(i.vPortFree)
    vPortSetupTimerInterrupt                 0x0800547d   Thumb Code    32  port.o(i.vPortSetupTimerInterrupt)
    vPortValidateInterruptPriority           0x080054a1   Thumb Code    74  port.o(i.vPortValidateInterruptPriority)
    vQueueAddToRegistry                      0x080054f5   Thumb Code    34  queue.o(i.vQueueAddToRegistry)
    vQueueWaitForMessageRestricted           0x0800551d   Thumb Code    68  queue.o(i.vQueueWaitForMessageRestricted)
    vTaskDelay                               0x08005561   Thumb Code    66  tasks.o(i.vTaskDelay)
    vTaskInternalSetTimeOutState             0x080055ad   Thumb Code    12  tasks.o(i.vTaskInternalSetTimeOutState)
    vTaskMissedYield                         0x080055bd   Thumb Code     8  tasks.o(i.vTaskMissedYield)
    vTaskPlaceOnEventList                    0x080055c9   Thumb Code    44  tasks.o(i.vTaskPlaceOnEventList)
    vTaskPlaceOnEventListRestricted          0x080055f9   Thumb Code    52  tasks.o(i.vTaskPlaceOnEventListRestricted)
    vTaskStartScheduler                      0x08005631   Thumb Code   118  tasks.o(i.vTaskStartScheduler)
    vTaskSuspendAll                          0x080056b9   Thumb Code    10  tasks.o(i.vTaskSuspendAll)
    vTaskSwitchContext                       0x080056c9   Thumb Code    90  tasks.o(i.vTaskSwitchContext)
    xPortStartScheduler                      0x0800572d   Thumb Code   154  port.o(i.xPortStartScheduler)
    xQueueGenericCreateStatic                0x080057d5   Thumb Code   102  queue.o(i.xQueueGenericCreateStatic)
    xQueueGenericReset                       0x0800583d   Thumb Code   132  queue.o(i.xQueueGenericReset)
    xQueueGenericSend                        0x080058c5   Thumb Code   346  queue.o(i.xQueueGenericSend)
    xQueueGenericSendFromISR                 0x08005a25   Thumb Code   188  queue.o(i.xQueueGenericSendFromISR)
    xQueueReceive                            0x08005ae1   Thumb Code   308  queue.o(i.xQueueReceive)
    xTaskCheckForTimeOut                     0x08005c19   Thumb Code   112  tasks.o(i.xTaskCheckForTimeOut)
    xTaskCreate                              0x08005c8d   Thumb Code    90  tasks.o(i.xTaskCreate)
    xTaskCreateStatic                        0x08005ce7   Thumb Code    86  tasks.o(i.xTaskCreateStatic)
    xTaskGetSchedulerState                   0x08005d3d   Thumb Code    22  tasks.o(i.xTaskGetSchedulerState)
    xTaskGetTickCount                        0x08005d59   Thumb Code     6  tasks.o(i.xTaskGetTickCount)
    xTaskIncrementTick                       0x08005d65   Thumb Code   190  tasks.o(i.xTaskIncrementTick)
    xTaskPriorityDisinherit                  0x08005e2d   Thumb Code   118  tasks.o(i.xTaskPriorityDisinherit)
    xTaskRemoveFromEventList                 0x08005ead   Thumb Code    98  tasks.o(i.xTaskRemoveFromEventList)
    xTaskResumeAll                           0x08005f1d   Thumb Code   182  tasks.o(i.xTaskResumeAll)
    xTimerCreateTimerTask                    0x08005fe1   Thumb Code    78  timers.o(i.xTimerCreateTimerTask)
    xTimerGenericCommand                     0x08006041   Thumb Code    98  timers.o(i.xTimerGenericCommand)
    __aeabi_d2f                              0x080060a9   Thumb Code     0  d2f.o(x$fpl$d2f)
    _d2f                                     0x080060a9   Thumb Code    98  d2f.o(x$fpl$d2f)
    __aeabi_dadd                             0x0800610d   Thumb Code     0  daddsub_clz.o(x$fpl$dadd)
    _dadd                                    0x0800610d   Thumb Code   332  daddsub_clz.o(x$fpl$dadd)
    __fpl_dcheck_NaN1                        0x0800625d   Thumb Code    10  dcheck1.o(x$fpl$dcheck1)
    __aeabi_ddiv                             0x0800626d   Thumb Code     0  ddiv.o(x$fpl$ddiv)
    _ddiv                                    0x0800626d   Thumb Code   552  ddiv.o(x$fpl$ddiv)
    __aeabi_dmul                             0x0800651d   Thumb Code     0  dmul.o(x$fpl$dmul)
    _dmul                                    0x0800651d   Thumb Code   332  dmul.o(x$fpl$dmul)
    __fpl_dnaninf                            0x08006671   Thumb Code   156  dnaninf.o(x$fpl$dnaninf)
    __fpl_dretinf                            0x0800670d   Thumb Code    12  dretinf.o(x$fpl$dretinf)
    __aeabi_drsub                            0x08006719   Thumb Code     0  daddsub_clz.o(x$fpl$drsb)
    _drsb                                    0x08006719   Thumb Code    22  daddsub_clz.o(x$fpl$drsb)
    _dsqrt                                   0x08006731   Thumb Code   456  dsqrt_noumaal.o(x$fpl$dsqrt)
    __aeabi_dsub                             0x080068fd   Thumb Code     0  daddsub_clz.o(x$fpl$dsub)
    _dsub                                    0x080068fd   Thumb Code   464  daddsub_clz.o(x$fpl$dsub)
    __aeabi_f2d                              0x08006ad1   Thumb Code     0  f2d.o(x$fpl$f2d)
    _f2d                                     0x08006ad1   Thumb Code    86  f2d.o(x$fpl$f2d)
    __aeabi_fadd                             0x08006b29   Thumb Code     0  faddsub_clz.o(x$fpl$fadd)
    _fadd                                    0x08006b29   Thumb Code   196  faddsub_clz.o(x$fpl$fadd)
    __fpl_fcheck_NaN1                        0x08006bed   Thumb Code     6  fcheck1.o(x$fpl$fcheck1)
    __aeabi_fdiv                             0x08006bf9   Thumb Code     0  fdiv.o(x$fpl$fdiv)
    _fdiv                                    0x08006bf9   Thumb Code   384  fdiv.o(x$fpl$fdiv)
    __aeabi_f2iz                             0x08006d7d   Thumb Code     0  ffix.o(x$fpl$ffix)
    _ffix                                    0x08006d7d   Thumb Code    54  ffix.o(x$fpl$ffix)
    __aeabi_f2uiz                            0x08006db5   Thumb Code     0  ffixu.o(x$fpl$ffixu)
    _ffixu                                   0x08006db5   Thumb Code    62  ffixu.o(x$fpl$ffixu)
    __aeabi_i2f                              0x08006df5   Thumb Code     0  fflt_clz.o(x$fpl$fflt)
    _fflt                                    0x08006df5   Thumb Code    48  fflt_clz.o(x$fpl$fflt)
    __aeabi_ui2f                             0x08006e25   Thumb Code     0  fflt_clz.o(x$fpl$ffltu)
    _ffltu                                   0x08006e25   Thumb Code    38  fflt_clz.o(x$fpl$ffltu)
    __aeabi_fmul                             0x08006e4d   Thumb Code     0  fmul.o(x$fpl$fmul)
    _fmul                                    0x08006e4d   Thumb Code   258  fmul.o(x$fpl$fmul)
    __fpl_fnaninf                            0x08006f4f   Thumb Code   140  fnaninf.o(x$fpl$fnaninf)
    __fpl_fretinf                            0x08006fdb   Thumb Code    10  fretinf.o(x$fpl$fretinf)
    __aeabi_fsub                             0x08006fe5   Thumb Code     0  faddsub_clz.o(x$fpl$fsub)
    _fsub                                    0x08006fe5   Thumb Code   234  faddsub_clz.o(x$fpl$fsub)
    __fpl_return_NaN                         0x080070cf   Thumb Code   100  retnan.o(x$fpl$retnan)
    __ARM_scalbn                             0x08007133   Thumb Code    92  scalbn.o(x$fpl$scalbn)
    __ARM_scalbnf                            0x0800718f   Thumb Code    76  scalbnf.o(x$fpl$scalbnf)
    __fpl_cmpreturn                          0x080071db   Thumb Code    48  trapv.o(x$fpl$trapveneer)
    OLED_F8x16                               0x0800720a   Data        1520  oled.o(.constdata)
    __I$use$fp                               0x0800720a   Number         0  usenofp.o(x$fpl$usenofp)
    defaultTask_attributes                   0x080077fc   Data          36  freertos.o(.constdata)
    AHBPrescTable                            0x08007832   Data          16  system_stm32f1xx.o(.constdata)
    APBPrescTable                            0x08007842   Data           8  system_stm32f1xx.o(.constdata)
    reg                                      0x0800784a   Data          30  inv_mpu.o(.constdata)
    hw                                       0x08007868   Data          12  inv_mpu.o(.constdata)
    test                                     0x08007874   Data          40  inv_mpu.o(.constdata)
    __mathlib_zero                           0x08008580   Data           8  qnan.o(.constdata)
    Region$$Table$$Base                      0x08008594   Number         0  anon$$obj.o(Region$$Table)
    Region$$Table$$Limit                     0x080085b4   Number         0  anon$$obj.o(Region$$Table)
    defaultTaskHandle                        0x20000000   Data           4  freertos.o(.data)
    uwTickFreq                               0x20000004   Data           1  stm32f1xx_hal.o(.data)
    uwTickPrio                               0x20000008   Data           4  stm32f1xx_hal.o(.data)
    uwTick                                   0x2000000c   Data           4  stm32f1xx_hal.o(.data)
    SystemCoreClock                          0x20000010   Data           4  system_stm32f1xx.o(.data)
    pxCurrentTCB                             0x20000014   Data           4  tasks.o(.data)
    hi2c2                                    0x200000c4   Data          84  i2c.o(.bss)
    htim4                                    0x20000118   Data          72  stm32f1xx_hal_timebase_tim.o(.bss)
    xQueueRegistry                           0x20000160   Data          64  queue.o(.bss)
    __libspace_start                         0x20001a44   Data          96  libspace.o(.bss)
    __temporary_stack_top$libspace           0x20001aa4   Data           0  libspace.o(.bss)



==============================================================================

Memory Map of the image

  Image Entry point : 0x080000ed

  Load Region LR_IROM1 (Base: 0x08000000, Size: 0x00008678, Max: 0x00010000, ABSOLUTE)

    Execution Region ER_IROM1 (Exec base: 0x08000000, Load base: 0x08000000, Size: 0x000085b4, Max: 0x00010000, ABSOLUTE)

    Exec Addr    Load Addr    Size         Type   Attr      Idx    E Section Name        Object

    0x08000000   0x08000000   0x000000ec   Data   RO            3    RESET               startup_stm32f103xb.o
    0x080000ec   0x080000ec   0x00000008   Code   RO         5176  * !!!main             c_w.l(__main.o)
    0x080000f4   0x080000f4   0x00000034   Code   RO         5480    !!!scatter          c_w.l(__scatter.o)
    0x08000128   0x08000128   0x0000001a   Code   RO         5482    !!handler_copy      c_w.l(__scatter_copy.o)
    0x08000142   0x08000142   0x00000002   PAD
    0x08000144   0x08000144   0x0000001c   Code   RO         5484    !!handler_zi        c_w.l(__scatter_zi.o)
    0x08000160   0x08000160   0x00000002   Code   RO         5345    .ARM.Collect$$libinit$$00000000  c_w.l(libinit.o)
    0x08000162   0x08000162   0x00000000   Code   RO         5357    .ARM.Collect$$libinit$$00000002  c_w.l(libinit2.o)
    0x08000162   0x08000162   0x00000000   Code   RO         5359    .ARM.Collect$$libinit$$00000004  c_w.l(libinit2.o)
    0x08000162   0x08000162   0x00000000   Code   RO         5362    .ARM.Collect$$libinit$$0000000A  c_w.l(libinit2.o)
    0x08000162   0x08000162   0x00000000   Code   RO         5364    .ARM.Collect$$libinit$$0000000C  c_w.l(libinit2.o)
    0x08000162   0x08000162   0x00000000   Code   RO         5366    .ARM.Collect$$libinit$$0000000E  c_w.l(libinit2.o)
    0x08000162   0x08000162   0x00000000   Code   RO         5369    .ARM.Collect$$libinit$$00000011  c_w.l(libinit2.o)
    0x08000162   0x08000162   0x00000000   Code   RO         5371    .ARM.Collect$$libinit$$00000013  c_w.l(libinit2.o)
    0x08000162   0x08000162   0x00000000   Code   RO         5373    .ARM.Collect$$libinit$$00000015  c_w.l(libinit2.o)
    0x08000162   0x08000162   0x00000000   Code   RO         5375    .ARM.Collect$$libinit$$00000017  c_w.l(libinit2.o)
    0x08000162   0x08000162   0x00000000   Code   RO         5377    .ARM.Collect$$libinit$$00000019  c_w.l(libinit2.o)
    0x08000162   0x08000162   0x00000000   Code   RO         5379    .ARM.Collect$$libinit$$0000001B  c_w.l(libinit2.o)
    0x08000162   0x08000162   0x00000000   Code   RO         5381    .ARM.Collect$$libinit$$0000001D  c_w.l(libinit2.o)
    0x08000162   0x08000162   0x00000000   Code   RO         5383    .ARM.Collect$$libinit$$0000001F  c_w.l(libinit2.o)
    0x08000162   0x08000162   0x00000000   Code   RO         5385    .ARM.Collect$$libinit$$00000021  c_w.l(libinit2.o)
    0x08000162   0x08000162   0x00000000   Code   RO         5387    .ARM.Collect$$libinit$$00000023  c_w.l(libinit2.o)
    0x08000162   0x08000162   0x00000000   Code   RO         5389    .ARM.Collect$$libinit$$00000025  c_w.l(libinit2.o)
    0x08000162   0x08000162   0x00000000   Code   RO         5393    .ARM.Collect$$libinit$$0000002C  c_w.l(libinit2.o)
    0x08000162   0x08000162   0x00000000   Code   RO         5395    .ARM.Collect$$libinit$$0000002E  c_w.l(libinit2.o)
    0x08000162   0x08000162   0x00000000   Code   RO         5397    .ARM.Collect$$libinit$$00000030  c_w.l(libinit2.o)
    0x08000162   0x08000162   0x00000000   Code   RO         5399    .ARM.Collect$$libinit$$00000032  c_w.l(libinit2.o)
    0x08000162   0x08000162   0x00000002   Code   RO         5400    .ARM.Collect$$libinit$$00000033  c_w.l(libinit2.o)
    0x08000164   0x08000164   0x00000002   Code   RO         5430    .ARM.Collect$$libshutdown$$00000000  c_w.l(libshutdown.o)
    0x08000166   0x08000166   0x00000000   Code   RO         5447    .ARM.Collect$$libshutdown$$00000002  c_w.l(libshutdown2.o)
    0x08000166   0x08000166   0x00000000   Code   RO         5449    .ARM.Collect$$libshutdown$$00000004  c_w.l(libshutdown2.o)
    0x08000166   0x08000166   0x00000000   Code   RO         5452    .ARM.Collect$$libshutdown$$00000007  c_w.l(libshutdown2.o)
    0x08000166   0x08000166   0x00000000   Code   RO         5455    .ARM.Collect$$libshutdown$$0000000A  c_w.l(libshutdown2.o)
    0x08000166   0x08000166   0x00000000   Code   RO         5457    .ARM.Collect$$libshutdown$$0000000C  c_w.l(libshutdown2.o)
    0x08000166   0x08000166   0x00000000   Code   RO         5460    .ARM.Collect$$libshutdown$$0000000F  c_w.l(libshutdown2.o)
    0x08000166   0x08000166   0x00000002   Code   RO         5461    .ARM.Collect$$libshutdown$$00000010  c_w.l(libshutdown2.o)
    0x08000168   0x08000168   0x00000000   Code   RO         5230    .ARM.Collect$$rtentry$$00000000  c_w.l(__rtentry.o)
    0x08000168   0x08000168   0x00000000   Code   RO         5300    .ARM.Collect$$rtentry$$00000002  c_w.l(__rtentry2.o)
    0x08000168   0x08000168   0x00000006   Code   RO         5312    .ARM.Collect$$rtentry$$00000004  c_w.l(__rtentry4.o)
    0x0800016e   0x0800016e   0x00000000   Code   RO         5302    .ARM.Collect$$rtentry$$00000009  c_w.l(__rtentry2.o)
    0x0800016e   0x0800016e   0x00000004   Code   RO         5303    .ARM.Collect$$rtentry$$0000000A  c_w.l(__rtentry2.o)
    0x08000172   0x08000172   0x00000000   Code   RO         5305    .ARM.Collect$$rtentry$$0000000C  c_w.l(__rtentry2.o)
    0x08000172   0x08000172   0x00000008   Code   RO         5306    .ARM.Collect$$rtentry$$0000000D  c_w.l(__rtentry2.o)
    0x0800017a   0x0800017a   0x00000002   Code   RO         5350    .ARM.Collect$$rtexit$$00000000  c_w.l(rtexit.o)
    0x0800017c   0x0800017c   0x00000000   Code   RO         5402    .ARM.Collect$$rtexit$$00000002  c_w.l(rtexit2.o)
    0x0800017c   0x0800017c   0x00000004   Code   RO         5403    .ARM.Collect$$rtexit$$00000003  c_w.l(rtexit2.o)
    0x08000180   0x08000180   0x00000006   Code   RO         5404    .ARM.Collect$$rtexit$$00000004  c_w.l(rtexit2.o)
    0x08000186   0x08000186   0x00000002   PAD
    0x08000188   0x08000188   0x00000096   Code   RO         4548    .emb_text           port.o
    0x0800021e   0x0800021e   0x00000002   PAD
    0x08000220   0x08000220   0x00000040   Code   RO            4    .text               startup_stm32f103xb.o
    0x08000260   0x08000260   0x00000048   Code   RO         5162    .text               c_w.l(llsdiv.o)
    0x080002a8   0x080002a8   0x00000058   Code   RO         5164    .text               c_w.l(memcmp.o)
    0x08000300   0x08000300   0x0000008a   Code   RO         5166    .text               c_w.l(rt_memcpy_v6.o)
    0x0800038a   0x0800038a   0x00000010   Code   RO         5170    .text               c_w.l(aeabi_memset.o)
    0x0800039a   0x0800039a   0x0000004e   Code   RO         5172    .text               c_w.l(rt_memclr_w.o)
    0x080003e8   0x080003e8   0x00000006   Code   RO         5174    .text               c_w.l(heapauxi.o)
    0x080003ee   0x080003ee   0x000000ee   Code   RO         5231    .text               c_w.l(lludivv7m.o)
    0x080004dc   0x080004dc   0x00000016   Code   RO         5233    .text               c_w.l(_rserrno.o)
    0x080004f2   0x080004f2   0x00000064   Code   RO         5235    .text               c_w.l(rt_memcpy_w.o)
    0x08000556   0x08000556   0x00000044   Code   RO         5237    .text               c_w.l(rt_memclr.o)
    0x0800059a   0x0800059a   0x00000002   PAD
    0x0800059c   0x0800059c   0x00000008   Code   RO         5321    .text               c_w.l(rt_errno_addr_intlibspace.o)
    0x080005a4   0x080005a4   0x00000008   Code   RO         5331    .text               c_w.l(libspace.o)
    0x080005ac   0x080005ac   0x0000004a   Code   RO         5334    .text               c_w.l(sys_stackheap_outer.o)
    0x080005f6   0x080005f6   0x00000012   Code   RO         5338    .text               c_w.l(exit.o)
    0x08000608   0x08000608   0x0000000c   Code   RO         5418    .text               c_w.l(sys_exit.o)
    0x08000614   0x08000614   0x00000002   Code   RO         5435    .text               c_w.l(use_no_semi.o)
    0x08000616   0x08000616   0x00000000   Code   RO         5437    .text               c_w.l(indicate_semi.o)
    0x08000616   0x08000616   0x00000002   Code   RO          421    i.BusFault_Handler  stm32f1xx_it.o
    0x08000618   0x08000618   0x00000002   Code   RO          422    i.DebugMon_Handler  stm32f1xx_it.o
    0x0800061a   0x0800061a   0x00000004   Code   RO          227    i.Error_Handler     main.o
    0x0800061e   0x0800061e   0x00000002   PAD
    0x08000620   0x08000620   0x00000024   Code   RO          591    i.HAL_Delay         stm32f1xx_hal.o
    0x08000644   0x08000644   0x000001e0   Code   RO          901    i.HAL_GPIO_Init     stm32f1xx_hal_gpio.o
    0x08000824   0x08000824   0x0000000a   Code   RO          905    i.HAL_GPIO_WritePin  stm32f1xx_hal_gpio.o
    0x0800082e   0x0800082e   0x00000002   PAD
    0x08000830   0x08000830   0x0000000c   Code   RO          595    i.HAL_GetTick       stm32f1xx_hal.o
    0x0800083c   0x0800083c   0x00000188   Code   RO         1572    i.HAL_I2C_Init      stm32f1xx_hal_i2c.o
    0x080009c4   0x080009c4   0x00000250   Code   RO         1590    i.HAL_I2C_Mem_Read  stm32f1xx_hal_i2c.o
    0x08000c14   0x08000c14   0x00000130   Code   RO         1593    i.HAL_I2C_Mem_Write  stm32f1xx_hal_i2c.o
    0x08000d44   0x08000d44   0x00000060   Code   RO          380    i.HAL_I2C_MspInit   i2c.o
    0x08000da4   0x08000da4   0x00000010   Code   RO          601    i.HAL_IncTick       stm32f1xx_hal.o
    0x08000db4   0x08000db4   0x00000024   Code   RO          602    i.HAL_Init          stm32f1xx_hal.o
    0x08000dd8   0x08000dd8   0x00000098   Code   RO          509    i.HAL_InitTick      stm32f1xx_hal_timebase_tim.o
    0x08000e70   0x08000e70   0x00000048   Code   RO          485    i.HAL_MspInit       stm32f1xx_hal_msp.o
    0x08000eb8   0x08000eb8   0x0000001a   Code   RO         1061    i.HAL_NVIC_EnableIRQ  stm32f1xx_hal_cortex.o
    0x08000ed2   0x08000ed2   0x00000002   PAD
    0x08000ed4   0x08000ed4   0x00000040   Code   RO         1067    i.HAL_NVIC_SetPriority  stm32f1xx_hal_cortex.o
    0x08000f14   0x08000f14   0x00000024   Code   RO         1068    i.HAL_NVIC_SetPriorityGrouping  stm32f1xx_hal_cortex.o
    0x08000f38   0x08000f38   0x0000012c   Code   RO          759    i.HAL_RCC_ClockConfig  stm32f1xx_hal_rcc.o
    0x08001064   0x08001064   0x00000040   Code   RO          763    i.HAL_RCC_GetClockConfig  stm32f1xx_hal_rcc.o
    0x080010a4   0x080010a4   0x00000020   Code   RO          766    i.HAL_RCC_GetPCLK1Freq  stm32f1xx_hal_rcc.o
    0x080010c4   0x080010c4   0x0000004c   Code   RO          768    i.HAL_RCC_GetSysClockFreq  stm32f1xx_hal_rcc.o
    0x08001110   0x08001110   0x00000320   Code   RO          771    i.HAL_RCC_OscConfig  stm32f1xx_hal_rcc.o
    0x08001430   0x08001430   0x00000002   Code   RO         2704    i.HAL_TIMEx_BreakCallback  stm32f1xx_hal_tim_ex.o
    0x08001432   0x08001432   0x00000002   Code   RO         2705    i.HAL_TIMEx_CommutCallback  stm32f1xx_hal_tim_ex.o
    0x08001434   0x08001434   0x0000005a   Code   RO         2000    i.HAL_TIM_Base_Init  stm32f1xx_hal_tim.o
    0x0800148e   0x0800148e   0x00000002   Code   RO         2002    i.HAL_TIM_Base_MspInit  stm32f1xx_hal_tim.o
    0x08001490   0x08001490   0x00000058   Code   RO         2005    i.HAL_TIM_Base_Start_IT  stm32f1xx_hal_tim.o
    0x080014e8   0x080014e8   0x00000002   Code   RO         2034    i.HAL_TIM_IC_CaptureCallback  stm32f1xx_hal_tim.o
    0x080014ea   0x080014ea   0x00000166   Code   RO         2048    i.HAL_TIM_IRQHandler  stm32f1xx_hal_tim.o
    0x08001650   0x08001650   0x00000002   Code   RO         2051    i.HAL_TIM_OC_DelayElapsedCallback  stm32f1xx_hal_tim.o
    0x08001652   0x08001652   0x00000002   Code   RO         2078    i.HAL_TIM_PWM_PulseFinishedCallback  stm32f1xx_hal_tim.o
    0x08001654   0x08001654   0x00000014   Code   RO          228    i.HAL_TIM_PeriodElapsedCallback  main.o
    0x08001668   0x08001668   0x00000002   Code   RO         2091    i.HAL_TIM_TriggerCallback  stm32f1xx_hal_tim.o
    0x0800166a   0x0800166a   0x00000002   Code   RO          423    i.HardFault_Handler  stm32f1xx_it.o
    0x0800166c   0x0800166c   0x0000002e   Code   RO         1615    i.I2C_IsAcknowledgeFailed  stm32f1xx_hal_i2c.o
    0x0800169a   0x0800169a   0x00000002   PAD
    0x0800169c   0x0800169c   0x000000fc   Code   RO         1625    i.I2C_RequestMemoryRead  stm32f1xx_hal_i2c.o
    0x08001798   0x08001798   0x000000a8   Code   RO         1626    i.I2C_RequestMemoryWrite  stm32f1xx_hal_i2c.o
    0x08001840   0x08001840   0x00000056   Code   RO         1630    i.I2C_WaitOnBTFFlagUntilTimeout  stm32f1xx_hal_i2c.o
    0x08001896   0x08001896   0x00000002   PAD
    0x08001898   0x08001898   0x00000090   Code   RO         1631    i.I2C_WaitOnFlagUntilTimeout  stm32f1xx_hal_i2c.o
    0x08001928   0x08001928   0x000000bc   Code   RO         1632    i.I2C_WaitOnMasterAddressFlagUntilTimeout  stm32f1xx_hal_i2c.o
    0x080019e4   0x080019e4   0x00000070   Code   RO         1633    i.I2C_WaitOnRXNEFlagUntilTimeout  stm32f1xx_hal_i2c.o
    0x08001a54   0x08001a54   0x00000056   Code   RO         1634    i.I2C_WaitOnTXEFlagUntilTimeout  stm32f1xx_hal_i2c.o
    0x08001aaa   0x08001aaa   0x00000002   PAD
    0x08001aac   0x08001aac   0x000001d0   Code   RO         5128    i.MPU6050_DMP_Get_Data  mpu6050.o
    0x08001c7c   0x08001c7c   0x000000b0   Code   RO         5129    i.MPU6050_DMP_Init  mpu6050.o
    0x08001d2c   0x08001d2c   0x00000020   Code   RO          330    i.MX_FREERTOS_Init  freertos.o
    0x08001d4c   0x08001d4c   0x00000070   Code   RO          306    i.MX_GPIO_Init      gpio.o
    0x08001dbc   0x08001dbc   0x00000040   Code   RO          381    i.MX_I2C2_Init      i2c.o
    0x08001dfc   0x08001dfc   0x00000002   Code   RO          424    i.MemManage_Handler  stm32f1xx_it.o
    0x08001dfe   0x08001dfe   0x00000002   Code   RO          425    i.NMI_Handler       stm32f1xx_it.o
    0x08001e00   0x08001e00   0x00000026   Code   RO           13    i.OLED_Clear        oled.o
    0x08001e26   0x08001e26   0x00000016   Code   RO           14    i.OLED_I2C_Init     oled.o
    0x08001e3c   0x08001e3c   0x00000036   Code   RO           15    i.OLED_I2C_SendByte  oled.o
    0x08001e72   0x08001e72   0x0000001e   Code   RO           16    i.OLED_I2C_Start    oled.o
    0x08001e90   0x08001e90   0x00000018   Code   RO           17    i.OLED_I2C_Stop     oled.o
    0x08001ea8   0x08001ea8   0x000000ac   Code   RO           18    i.OLED_Init         oled.o
    0x08001f54   0x08001f54   0x0000000e   Code   RO           19    i.OLED_Pow          oled.o
    0x08001f62   0x08001f62   0x00000022   Code   RO           20    i.OLED_SetCursor    oled.o
    0x08001f84   0x08001f84   0x00000068   Code   RO           22    i.OLED_ShowChar     oled.o
    0x08001fec   0x08001fec   0x00000058   Code   RO           25    i.OLED_ShowSignedNum  oled.o
    0x08002044   0x08002044   0x00000026   Code   RO           26    i.OLED_ShowString   oled.o
    0x0800206a   0x0800206a   0x00000002   PAD
    0x0800206c   0x0800206c   0x00000010   Code   RO           27    i.OLED_W_SCL        oled.o
    0x0800207c   0x0800207c   0x00000010   Code   RO           28    i.OLED_W_SDA        oled.o
    0x0800208c   0x0800208c   0x00000022   Code   RO           29    i.OLED_WriteCommand  oled.o
    0x080020ae   0x080020ae   0x00000022   Code   RO           30    i.OLED_WriteData    oled.o
    0x080020d0   0x080020d0   0x000000e4   Code   RO          331    i.StartDefaultTask  freertos.o
    0x080021b4   0x080021b4   0x0000002c   Code   RO         4549    i.SysTick_Handler   port.o
    0x080021e0   0x080021e0   0x0000005e   Code   RO          229    i.SystemClock_Config  main.o
    0x0800223e   0x0800223e   0x00000002   Code   RO         2972    i.SystemInit        system_stm32f1xx.o
    0x08002240   0x08002240   0x0000000c   Code   RO          426    i.TIM4_IRQHandler   stm32f1xx_it.o
    0x0800224c   0x0800224c   0x0000006c   Code   RO         2093    i.TIM_Base_SetConfig  stm32f1xx_hal_tim.o
    0x080022b8   0x080022b8   0x00000002   Code   RO          427    i.UsageFault_Handler  stm32f1xx_it.o
    0x080022ba   0x080022ba   0x00000028   Code   RO         5286    i.__ARM_fpclassify  m_ws.l(fpclassify.o)
    0x080022e2   0x080022e2   0x00000020   Code   RO         1074    i.__NVIC_SetPriority  stm32f1xx_hal_cortex.o
    0x08002302   0x08002302   0x000000aa   Code   RO         5288    i.__kernel_poly     m_ws.l(poly.o)
    0x080023ac   0x080023ac   0x00000006   Code   RO         5273    i.__mathlib_dbl_infnan  m_ws.l(dunder.o)
    0x080023b2   0x080023b2   0x00000004   Code   RO         5274    i.__mathlib_dbl_infnan2  m_ws.l(dunder.o)
    0x080023b6   0x080023b6   0x0000000c   Code   RO         5275    i.__mathlib_dbl_invalid  m_ws.l(dunder.o)
    0x080023c2   0x080023c2   0x00000002   PAD
    0x080023c4   0x080023c4   0x00000010   Code   RO         5278    i.__mathlib_dbl_underflow  m_ws.l(dunder.o)
    0x080023d4   0x080023d4   0x00000080   Code   RO         4628    i.accel_self_test   inv_mpu.o
    0x08002454   0x08002454   0x00000270   Code   RO         5213    i.asin              m_ws.l(asin.o)
    0x080026c4   0x080026c4   0x00000220   Code   RO         5263    i.atan              m_ws.l(atan.o)
    0x080028e4   0x080028e4   0x00000180   Code   RO         5223    i.atan2             m_ws.l(atan2.o)
    0x08002a64   0x08002a64   0x0000003a   Code   RO         4939    i.dmp_enable_6x_lp_quat  inv_mpu_dmp_motion_driver.o
    0x08002a9e   0x08002a9e   0x00000002   PAD
    0x08002aa0   0x08002aa0   0x000001d8   Code   RO         4940    i.dmp_enable_feature  inv_mpu_dmp_motion_driver.o
    0x08002c78   0x08002c78   0x0000003c   Code   RO         4941    i.dmp_enable_gyro_cal  inv_mpu_dmp_motion_driver.o
    0x08002cb4   0x08002cb4   0x0000003a   Code   RO         4942    i.dmp_enable_lp_quat  inv_mpu_dmp_motion_driver.o
    0x08002cee   0x08002cee   0x00000002   PAD
    0x08002cf0   0x08002cf0   0x00000014   Code   RO         4947    i.dmp_load_motion_driver_firmware  inv_mpu_dmp_motion_driver.o
    0x08002d04   0x08002d04   0x00000148   Code   RO         4948    i.dmp_read_fifo     inv_mpu_dmp_motion_driver.o
    0x08002e4c   0x08002e4c   0x000000d8   Code   RO         4951    i.dmp_set_accel_bias  inv_mpu_dmp_motion_driver.o
    0x08002f24   0x08002f24   0x00000064   Code   RO         4952    i.dmp_set_fifo_rate  inv_mpu_dmp_motion_driver.o
    0x08002f88   0x08002f88   0x000000cc   Code   RO         4953    i.dmp_set_gyro_bias  inv_mpu_dmp_motion_driver.o
    0x08003054   0x08003054   0x0000010c   Code   RO         4955    i.dmp_set_orientation  inv_mpu_dmp_motion_driver.o
    0x08003160   0x08003160   0x00000030   Code   RO         4958    i.dmp_set_shake_reject_thresh  inv_mpu_dmp_motion_driver.o
    0x08003190   0x08003190   0x00000020   Code   RO         4959    i.dmp_set_shake_reject_time  inv_mpu_dmp_motion_driver.o
    0x080031b0   0x080031b0   0x00000020   Code   RO         4960    i.dmp_set_shake_reject_timeout  inv_mpu_dmp_motion_driver.o
    0x080031d0   0x080031d0   0x00000040   Code   RO         4961    i.dmp_set_tap_axes  inv_mpu_dmp_motion_driver.o
    0x08003210   0x08003210   0x00000022   Code   RO         4962    i.dmp_set_tap_count  inv_mpu_dmp_motion_driver.o
    0x08003232   0x08003232   0x00000002   PAD
    0x08003234   0x08003234   0x00000128   Code   RO         4963    i.dmp_set_tap_thresh  inv_mpu_dmp_motion_driver.o
    0x0800335c   0x0800335c   0x00000020   Code   RO         4964    i.dmp_set_tap_time  inv_mpu_dmp_motion_driver.o
    0x0800337c   0x0800337c   0x00000020   Code   RO         4965    i.dmp_set_tap_time_multi  inv_mpu_dmp_motion_driver.o
    0x0800339c   0x0800339c   0x000000c0   Code   RO         4629    i.get_accel_prod_shift  inv_mpu.o
    0x0800345c   0x0800345c   0x0000043e   Code   RO         4630    i.get_st_biases     inv_mpu.o
    0x0800389a   0x0800389a   0x00000002   PAD
    0x0800389c   0x0800389c   0x000000e4   Code   RO         4631    i.gyro_self_test    inv_mpu.o
    0x08003980   0x08003980   0x00000048   Code   RO         5130    i.inv_row_2_scale   mpu6050.o
    0x080039c8   0x080039c8   0x00000022   Code   RO          230    i.main              main.o
    0x080039ea   0x080039ea   0x00000002   PAD
    0x080039ec   0x080039ec   0x00000054   Code   RO         4632    i.mpu_configure_fifo  inv_mpu.o
    0x08003a40   0x08003a40   0x0000003c   Code   RO         4633    i.mpu_get_accel_fsr  inv_mpu.o
    0x08003a7c   0x08003a7c   0x00000044   Code   RO         4635    i.mpu_get_accel_sens  inv_mpu.o
    0x08003ac0   0x08003ac0   0x00000034   Code   RO         4641    i.mpu_get_gyro_fsr  inv_mpu.o
    0x08003af4   0x08003af4   0x00000040   Code   RO         4643    i.mpu_get_gyro_sens  inv_mpu.o
    0x08003b34   0x08003b34   0x00000038   Code   RO         4645    i.mpu_get_lpf       inv_mpu.o
    0x08003b6c   0x08003b6c   0x0000001c   Code   RO         4647    i.mpu_get_sample_rate  inv_mpu.o
    0x08003b88   0x08003b88   0x00000158   Code   RO         4649    i.mpu_init          inv_mpu.o
    0x08003ce0   0x08003ce0   0x000000bc   Code   RO         4650    i.mpu_load_firmware  inv_mpu.o
    0x08003d9c   0x08003d9c   0x000000e4   Code   RO         4651    i.mpu_lp_accel_mode  inv_mpu.o
    0x08003e80   0x08003e80   0x000000c4   Code   RO         4654    i.mpu_read_fifo_stream  inv_mpu.o
    0x08003f44   0x08003f44   0x00000074   Code   RO         4655    i.mpu_read_mem      inv_mpu.o
    0x08003fb8   0x08003fb8   0x000001d0   Code   RO         4658    i.mpu_reset_fifo    inv_mpu.o
    0x08004188   0x08004188   0x000000f0   Code   RO         4659    i.mpu_run_self_test  inv_mpu.o
    0x08004278   0x08004278   0x0000007c   Code   RO         4661    i.mpu_set_accel_fsr  inv_mpu.o
    0x080042f4   0x080042f4   0x00000148   Code   RO         4662    i.mpu_set_bypass    inv_mpu.o
    0x0800443c   0x0800443c   0x00000094   Code   RO         4664    i.mpu_set_dmp_state  inv_mpu.o
    0x080044d0   0x080044d0   0x00000084   Code   RO         4665    i.mpu_set_gyro_fsr  inv_mpu.o
    0x08004554   0x08004554   0x00000078   Code   RO         4666    i.mpu_set_int_latched  inv_mpu.o
    0x080045cc   0x080045cc   0x0000007c   Code   RO         4668    i.mpu_set_lpf       inv_mpu.o
    0x08004648   0x08004648   0x00000098   Code   RO         4669    i.mpu_set_sample_rate  inv_mpu.o
    0x080046e0   0x080046e0   0x000000e0   Code   RO         4670    i.mpu_set_sensors   inv_mpu.o
    0x080047c0   0x080047c0   0x00000074   Code   RO         4671    i.mpu_write_mem     inv_mpu.o
    0x08004834   0x08004834   0x00000034   Code   RO         4078    i.osDelay           cmsis_os2.o
    0x08004868   0x08004868   0x00000038   Code   RO         4092    i.osKernelInitialize  cmsis_os2.o
    0x080048a0   0x080048a0   0x00000040   Code   RO         4095    i.osKernelStart     cmsis_os2.o
    0x080048e0   0x080048e0   0x000000a4   Code   RO         4129    i.osThreadNew       cmsis_os2.o
    0x08004984   0x08004984   0x0000005c   Code   RO         3574    i.prvAddCurrentTaskToDelayedList  tasks.o
    0x080049e0   0x080049e0   0x000000d0   Code   RO         3575    i.prvAddNewTaskToReadyList  tasks.o
    0x08004ab0   0x08004ab0   0x00000058   Code   RO         3924    i.prvCheckForValidListAndQueue  timers.o
    0x08004b08   0x08004b08   0x00000026   Code   RO         3177    i.prvCopyDataFromQueue  queue.o
    0x08004b2e   0x08004b2e   0x0000006c   Code   RO         3178    i.prvCopyDataToQueue  queue.o
    0x08004b9a   0x08004b9a   0x00000034   Code   RO         3576    i.prvDeleteTCB      tasks.o
    0x08004bce   0x08004bce   0x00000002   PAD
    0x08004bd0   0x08004bd0   0x0000004c   Code   RO         4499    i.prvHeapInit       heap_4.o
    0x08004c1c   0x08004c1c   0x00000060   Code   RO         3577    i.prvIdleTask       tasks.o
    0x08004c7c   0x08004c7c   0x00000022   Code   RO         3180    i.prvInitialiseNewQueue  queue.o
    0x08004c9e   0x08004c9e   0x0000009c   Code   RO         3578    i.prvInitialiseNewTask  tasks.o
    0x08004d3a   0x08004d3a   0x00000002   PAD
    0x08004d3c   0x08004d3c   0x0000004c   Code   RO         4500    i.prvInsertBlockIntoFreeList  heap_4.o
    0x08004d88   0x08004d88   0x00000038   Code   RO         3926    i.prvInsertTimerInActiveList  timers.o
    0x08004dc0   0x08004dc0   0x0000001c   Code   RO         3181    i.prvIsQueueEmpty   queue.o
    0x08004ddc   0x08004ddc   0x000000cc   Code   RO         3927    i.prvProcessReceivedCommands  timers.o
    0x08004ea8   0x08004ea8   0x000000b4   Code   RO         3928    i.prvProcessTimerOrBlockTask  timers.o
    0x08004f5c   0x08004f5c   0x00000020   Code   RO         3580    i.prvResetNextTaskUnblockTime  tasks.o
    0x08004f7c   0x08004f7c   0x00000028   Code   RO         3929    i.prvSampleTimeNow  timers.o
    0x08004fa4   0x08004fa4   0x0000006c   Code   RO         3930    i.prvSwitchTimerLists  timers.o
    0x08005010   0x08005010   0x00000028   Code   RO         4550    i.prvTaskExitError  port.o
    0x08005038   0x08005038   0x00000024   Code   RO         3931    i.prvTimerTask      timers.o
    0x0800505c   0x0800505c   0x0000006a   Code   RO         3182    i.prvUnlockQueue    queue.o
    0x080050c6   0x080050c6   0x00000002   PAD
    0x080050c8   0x080050c8   0x000000d8   Code   RO         4501    i.pvPortMalloc      heap_4.o
    0x080051a0   0x080051a0   0x00000024   Code   RO         4551    i.pxPortInitialiseStack  port.o
    0x080051c4   0x080051c4   0x00000082   Code   RO         5131    i.run_self_test     mpu6050.o
    0x08005246   0x08005246   0x00000002   PAD
    0x08005248   0x08005248   0x0000006c   Code   RO         4672    i.set_int_enable    inv_mpu.o
    0x080052b4   0x080052b4   0x0000004c   Code   RO         5292    i.sqrt              m_ws.l(sqrt.o)
    0x08005300   0x08005300   0x00000026   Code   RO         3137    i.uxListRemove      list.o
    0x08005326   0x08005326   0x00000002   PAD
    0x08005328   0x08005328   0x00000014   Code   RO         4141    i.vApplicationGetIdleTaskMemory  cmsis_os2.o
    0x0800533c   0x0800533c   0x00000018   Code   RO         4142    i.vApplicationGetTimerTaskMemory  cmsis_os2.o
    0x08005354   0x08005354   0x00000016   Code   RO         3138    i.vListInitialise   list.o
    0x0800536a   0x0800536a   0x00000006   Code   RO         3139    i.vListInitialiseItem  list.o
    0x08005370   0x08005370   0x00000030   Code   RO         3140    i.vListInsert       list.o
    0x080053a0   0x080053a0   0x00000018   Code   RO         3141    i.vListInsertEnd    list.o
    0x080053b8   0x080053b8   0x00000040   Code   RO         4553    i.vPortEnterCritical  port.o
    0x080053f8   0x080053f8   0x00000028   Code   RO         4554    i.vPortExitCritical  port.o
    0x08005420   0x08005420   0x0000005c   Code   RO         4502    i.vPortFree         heap_4.o
    0x0800547c   0x0800547c   0x00000024   Code   RO         4555    i.vPortSetupTimerInterrupt  port.o
    0x080054a0   0x080054a0   0x00000054   Code   RO         4556    i.vPortValidateInterruptPriority  port.o
    0x080054f4   0x080054f4   0x00000028   Code   RO         3188    i.vQueueAddToRegistry  queue.o
    0x0800551c   0x0800551c   0x00000044   Code   RO         3192    i.vQueueWaitForMessageRestricted  queue.o
    0x08005560   0x08005560   0x0000004c   Code   RO         3592    i.vTaskDelay        tasks.o
    0x080055ac   0x080055ac   0x00000010   Code   RO         3597    i.vTaskInternalSetTimeOutState  tasks.o
    0x080055bc   0x080055bc   0x0000000c   Code   RO         3598    i.vTaskMissedYield  tasks.o
    0x080055c8   0x080055c8   0x00000030   Code   RO         3600    i.vTaskPlaceOnEventList  tasks.o
    0x080055f8   0x080055f8   0x00000038   Code   RO         3601    i.vTaskPlaceOnEventListRestricted  tasks.o
    0x08005630   0x08005630   0x00000088   Code   RO         3609    i.vTaskStartScheduler  tasks.o
    0x080056b8   0x080056b8   0x00000010   Code   RO         3611    i.vTaskSuspendAll   tasks.o
    0x080056c8   0x080056c8   0x00000064   Code   RO         3612    i.vTaskSwitchContext  tasks.o
    0x0800572c   0x0800572c   0x000000a8   Code   RO         4557    i.xPortStartScheduler  port.o
    0x080057d4   0x080057d4   0x00000066   Code   RO         3198    i.xQueueGenericCreateStatic  queue.o
    0x0800583a   0x0800583a   0x00000002   PAD
    0x0800583c   0x0800583c   0x00000088   Code   RO         3199    i.xQueueGenericReset  queue.o
    0x080058c4   0x080058c4   0x00000160   Code   RO         3200    i.xQueueGenericSend  queue.o
    0x08005a24   0x08005a24   0x000000bc   Code   RO         3201    i.xQueueGenericSendFromISR  queue.o
    0x08005ae0   0x08005ae0   0x00000138   Code   RO         3210    i.xQueueReceive     queue.o
    0x08005c18   0x08005c18   0x00000074   Code   RO         3613    i.xTaskCheckForTimeOut  tasks.o
    0x08005c8c   0x08005c8c   0x0000005a   Code   RO         3614    i.xTaskCreate       tasks.o
    0x08005ce6   0x08005ce6   0x00000056   Code   RO         3615    i.xTaskCreateStatic  tasks.o
    0x08005d3c   0x08005d3c   0x0000001c   Code   RO         3619    i.xTaskGetSchedulerState  tasks.o
    0x08005d58   0x08005d58   0x0000000c   Code   RO         3620    i.xTaskGetTickCount  tasks.o
    0x08005d64   0x08005d64   0x000000c8   Code   RO         3622    i.xTaskIncrementTick  tasks.o
    0x08005e2c   0x08005e2c   0x00000080   Code   RO         3625    i.xTaskPriorityDisinherit  tasks.o
    0x08005eac   0x08005eac   0x00000070   Code   RO         3627    i.xTaskRemoveFromEventList  tasks.o
    0x08005f1c   0x08005f1c   0x000000c4   Code   RO         3628    i.xTaskResumeAll    tasks.o
    0x08005fe0   0x08005fe0   0x00000060   Code   RO         3938    i.xTimerCreateTimerTask  timers.o
    0x08006040   0x08006040   0x00000068   Code   RO         3939    i.xTimerGenericCommand  timers.o
    0x080060a8   0x080060a8   0x00000062   Code   RO         5178    x$fpl$d2f           fz_ws.l(d2f.o)
    0x0800610a   0x0800610a   0x00000002   PAD
    0x0800610c   0x0800610c   0x00000150   Code   RO         5239    x$fpl$dadd          fz_ws.l(daddsub_clz.o)
    0x0800625c   0x0800625c   0x00000010   Code   RO         5323    x$fpl$dcheck1       fz_ws.l(dcheck1.o)
    0x0800626c   0x0800626c   0x000002b0   Code   RO         5246    x$fpl$ddiv          fz_ws.l(ddiv.o)
    0x0800651c   0x0800651c   0x00000154   Code   RO         5180    x$fpl$dmul          fz_ws.l(dmul.o)
    0x08006670   0x08006670   0x0000009c   Code   RO         5249    x$fpl$dnaninf       fz_ws.l(dnaninf.o)
    0x0800670c   0x0800670c   0x0000000c   Code   RO         5251    x$fpl$dretinf       fz_ws.l(dretinf.o)
    0x08006718   0x08006718   0x00000016   Code   RO         5240    x$fpl$drsb          fz_ws.l(daddsub_clz.o)
    0x0800672e   0x0800672e   0x00000002   PAD
    0x08006730   0x08006730   0x000001cc   Code   RO         5327    x$fpl$dsqrt         fz_ws.l(dsqrt_noumaal.o)
    0x080068fc   0x080068fc   0x000001d4   Code   RO         5241    x$fpl$dsub          fz_ws.l(daddsub_clz.o)
    0x08006ad0   0x08006ad0   0x00000056   Code   RO         5182    x$fpl$f2d           fz_ws.l(f2d.o)
    0x08006b26   0x08006b26   0x00000002   PAD
    0x08006b28   0x08006b28   0x000000c4   Code   RO         5184    x$fpl$fadd          fz_ws.l(faddsub_clz.o)
    0x08006bec   0x08006bec   0x0000000c   Code   RO         5253    x$fpl$fcheck1       fz_ws.l(fcheck1.o)
    0x08006bf8   0x08006bf8   0x00000184   Code   RO         5191    x$fpl$fdiv          fz_ws.l(fdiv.o)
    0x08006d7c   0x08006d7c   0x00000036   Code   RO         5194    x$fpl$ffix          fz_ws.l(ffix.o)
    0x08006db2   0x08006db2   0x00000002   PAD
    0x08006db4   0x08006db4   0x0000003e   Code   RO         5198    x$fpl$ffixu         fz_ws.l(ffixu.o)
    0x08006df2   0x08006df2   0x00000002   PAD
    0x08006df4   0x08006df4   0x00000030   Code   RO         5203    x$fpl$fflt          fz_ws.l(fflt_clz.o)
    0x08006e24   0x08006e24   0x00000026   Code   RO         5202    x$fpl$ffltu         fz_ws.l(fflt_clz.o)
    0x08006e4a   0x08006e4a   0x00000002   PAD
    0x08006e4c   0x08006e4c   0x00000102   Code   RO         5208    x$fpl$fmul          fz_ws.l(fmul.o)
    0x08006f4e   0x08006f4e   0x0000008c   Code   RO         5255    x$fpl$fnaninf       fz_ws.l(fnaninf.o)
    0x08006fda   0x08006fda   0x0000000a   Code   RO         5257    x$fpl$fretinf       fz_ws.l(fretinf.o)
    0x08006fe4   0x08006fe4   0x000000ea   Code   RO         5186    x$fpl$fsub          fz_ws.l(faddsub_clz.o)
    0x080070ce   0x080070ce   0x00000064   Code   RO         5329    x$fpl$retnan        fz_ws.l(retnan.o)
    0x08007132   0x08007132   0x0000005c   Code   RO         5259    x$fpl$scalbn        fz_ws.l(scalbn.o)
    0x0800718e   0x0800718e   0x0000004c   Code   RO         5210    x$fpl$scalbnf       fz_ws.l(scalbnf.o)
    0x080071da   0x080071da   0x00000030   Code   RO         5348    x$fpl$trapveneer    fz_ws.l(trapv.o)
    0x0800720a   0x0800720a   0x00000000   Code   RO         5261    x$fpl$usenofp       fz_ws.l(usenofp.o)
    0x0800720a   0x0800720a   0x000005f0   Data   RO           31    .constdata          oled.o
    0x080077fa   0x080077fa   0x00000002   PAD
    0x080077fc   0x080077fc   0x00000024   Data   RO          332    .constdata          freertos.o
    0x08007820   0x08007820   0x00000012   Data   RO          772    .constdata          stm32f1xx_hal_rcc.o
    0x08007832   0x08007832   0x00000010   Data   RO         2973    .constdata          system_stm32f1xx.o
    0x08007842   0x08007842   0x00000008   Data   RO         2974    .constdata          system_stm32f1xx.o
    0x0800784a   0x0800784a   0x0000001e   Data   RO         4673    .constdata          inv_mpu.o
    0x08007868   0x08007868   0x0000000c   Data   RO         4674    .constdata          inv_mpu.o
    0x08007874   0x08007874   0x00000028   Data   RO         4675    .constdata          inv_mpu.o
    0x0800789c   0x0800789c   0x00000bf6   Data   RO         4967    .constdata          inv_mpu_dmp_motion_driver.o
    0x08008492   0x08008492   0x00000006   PAD
    0x08008498   0x08008498   0x00000050   Data   RO         5214    .constdata          m_ws.l(asin.o)
    0x080084e8   0x080084e8   0x00000098   Data   RO         5264    .constdata          m_ws.l(atan.o)
    0x08008580   0x08008580   0x00000008   Data   RO         5290    .constdata          m_ws.l(qnan.o)
    0x08008588   0x08008588   0x0000000c   Data   RO          333    .conststring        freertos.o
    0x08008594   0x08008594   0x00000020   Data   RO         5478    Region$$Table       anon$$obj.o


    Execution Region RW_IRAM1 (Exec base: 0x20000000, Load base: 0x080085b4, Size: 0x000020a8, Max: 0x00005000, ABSOLUTE)

    Exec Addr    Load Addr    Size         Type   Attr      Idx    E Section Name        Object

    0x20000000   0x080085b4   0x00000004   Data   RW          334    .data               freertos.o
    0x20000004   0x080085b8   0x0000000c   Data   RW          609    .data               stm32f1xx_hal.o
    0x20000010   0x080085c4   0x00000004   Data   RW         2975    .data               system_stm32f1xx.o
    0x20000014   0x080085c8   0x0000003c   Data   RW         3631    .data               tasks.o
    0x20000050   0x08008604   0x00000014   Data   RW         3947    .data               timers.o
    0x20000064   0x08008618   0x00000004   Data   RW         4144    .data               cmsis_os2.o
    0x20000068   0x0800861c   0x00000018   Data   RW         4507    .data               heap_4.o
    0x20000080   0x08008634   0x0000000c   Data   RW         4558    .data               port.o
    0x2000008c   0x08008640   0x0000002c   Data   RW         4676    .data               inv_mpu.o
    0x200000b8   0x0800866c   0x00000009   Data   RW         5132    .data               mpu6050.o
    0x200000c1   0x08008675   0x00000003   PAD
    0x200000c4        -       0x00000054   Zero   RW          382    .bss                i2c.o
    0x20000118        -       0x00000048   Zero   RW          512    .bss                stm32f1xx_hal_timebase_tim.o
    0x20000160        -       0x00000040   Zero   RW         3214    .bss                queue.o
    0x200001a0        -       0x000004c4   Zero   RW         3630    .bss                tasks.o
    0x20000664        -       0x00000118   Zero   RW         3946    .bss                timers.o
    0x2000077c        -       0x000006b8   Zero   RW         4143    .bss                cmsis_os2.o
    0x20000e34        -       0x00000c00   Zero   RW         4506    .bss                heap_4.o
    0x20001a34        -       0x00000010   Zero   RW         4966    .bss                inv_mpu_dmp_motion_driver.o
    0x20001a44        -       0x00000060   Zero   RW         5332    .bss                c_w.l(libspace.o)
    0x20001aa4   0x08008675   0x00000004   PAD
    0x20001aa8        -       0x00000200   Zero   RW            2    HEAP                startup_stm32f103xb.o
    0x20001ca8        -       0x00000400   Zero   RW            1    STACK               startup_stm32f103xb.o


==============================================================================

Image component sizes


      Code (inc. data)   RO Data    RW Data    ZI Data      Debug   Object Name

       380         32          0          4       1720      14254   cmsis_os2.o
         0          0          0          0          0      20136   event_groups.o
       260         36         48          4          0       4593   freertos.o
       112          8          0          0          0        903   gpio.o
       460         24          0         24       3072       4631   heap_4.o
       160         28          0          0         84       1601   i2c.o
      5398        280         82         44          0      27549   inv_mpu.o
      2354        118       3062          0         16      19306   inv_mpu_dmp_motion_driver.o
       138          0          0          0          0       3354   list.o
       152          6          0          0          0      10540   main.o
       842          8          0          9          0       4342   mpu6050.o
       718         14       1520          0          0     433547   oled.o
       662         70          0         12          0      10745   port.o
      1512         20          0          0         64      16800   queue.o
        64         26        236          0       1536        804   startup_stm32f103xb.o
       100         18          0         12          0       5206   stm32f1xx_hal.o
       158         14          0          0          0      28150   stm32f1xx_hal_cortex.o
       490         34          0          0          0       2868   stm32f1xx_hal_gpio.o
      2370         56          0          0          0      12902   stm32f1xx_hal_i2c.o
        72         10          0          0          0        858   stm32f1xx_hal_msp.o
      1272         82         18          0          0       5142   stm32f1xx_hal_rcc.o
       654         26          0          0          0       7008   stm32f1xx_hal_tim.o
         4          0          0          0          0       1561   stm32f1xx_hal_tim_ex.o
       152         20          0          0         72       1459   stm32f1xx_hal_timebase_tim.o
        24          6          0          0          0       2979   stm32f1xx_it.o
         0          0          0          0          0       8880   stream_buffer.o
         2          0         24          4          0       1095   system_stm32f1xx.o
      2064        170          0         60       1220      23076   tasks.o
       912         82          0         20        280      25899   timers.o

    ----------------------------------------------------------------------
     21524       1188       5030        196       8064     700188   Object Totals
         0          0         32          0          0          0   (incl. Generated)
        38          0          8          3          0          0   (incl. Padding)

    ----------------------------------------------------------------------

      Code (inc. data)   RO Data    RW Data    ZI Data      Debug   Library Member Name

         8          0          0          0          0         68   __main.o
         0          0          0          0          0          0   __rtentry.o
        12          0          0          0          0          0   __rtentry2.o
         6          0          0          0          0          0   __rtentry4.o
        52          8          0          0          0          0   __scatter.o
        26          0          0          0          0          0   __scatter_copy.o
        28          0          0          0          0          0   __scatter_zi.o
        22          0          0          0          0        100   _rserrno.o
        16          0          0          0          0         68   aeabi_memset.o
        18          0          0          0          0         80   exit.o
         6          0          0          0          0        152   heapauxi.o
         0          0          0          0          0          0   indicate_semi.o
         2          0          0          0          0          0   libinit.o
         2          0          0          0          0          0   libinit2.o
         2          0          0          0          0          0   libshutdown.o
         2          0          0          0          0          0   libshutdown2.o
         8          4          0          0         96         68   libspace.o
        72          0          0          0          0         76   llsdiv.o
       238          0          0          0          0        100   lludivv7m.o
        88          0          0          0          0         76   memcmp.o
         8          4          0          0          0         68   rt_errno_addr_intlibspace.o
        68          0          0          0          0         68   rt_memclr.o
        78          0          0          0          0         80   rt_memclr_w.o
       138          0          0          0          0         68   rt_memcpy_v6.o
       100          0          0          0          0         80   rt_memcpy_w.o
         2          0          0          0          0          0   rtexit.o
        10          0          0          0          0          0   rtexit2.o
        12          4          0          0          0         68   sys_exit.o
        74          0          0          0          0         80   sys_stackheap_outer.o
         2          0          0          0          0         68   use_no_semi.o
        98          4          0          0          0         92   d2f.o
       826         16          0          0          0        348   daddsub_clz.o
        16          4          0          0          0         68   dcheck1.o
       688        140          0          0          0        208   ddiv.o
       340         12          0          0          0        104   dmul.o
       156          4          0          0          0         92   dnaninf.o
        12          0          0          0          0         68   dretinf.o
       460         56          0          0          0        120   dsqrt_noumaal.o
        86          4          0          0          0         84   f2d.o
       430          8          0          0          0        168   faddsub_clz.o
        12          4          0          0          0         68   fcheck1.o
       388         76          0          0          0         96   fdiv.o
        54          4          0          0          0         84   ffix.o
        62          4          0          0          0         84   ffixu.o
        86          0          0          0          0        136   fflt_clz.o
       258          4          0          0          0         84   fmul.o
       140          4          0          0          0         84   fnaninf.o
        10          0          0          0          0         68   fretinf.o
       100          0          0          0          0         68   retnan.o
        92          0          0          0          0         68   scalbn.o
        76          0          0          0          0         68   scalbnf.o
        48          0          0          0          0         68   trapv.o
         0          0          0          0          0          0   usenofp.o
       624         52         80          0          0        168   asin.o
       544         70        152          0          0        124   atan.o
       384         38          0          0          0        144   atan2.o
        38          6          0          0          0        272   dunder.o
        40          0          0          0          0         68   fpclassify.o
       170          0          0          0          0         96   poly.o
         0          0          8          0          0          0   qnan.o
        76          0          0          0          0         84   sqrt.o

    ----------------------------------------------------------------------
      7434        530        240          0        100       4652   Library Totals
        20          0          0          0          4          0   (incl. Padding)

    ----------------------------------------------------------------------

      Code (inc. data)   RO Data    RW Data    ZI Data      Debug   Library Name

      1100         20          0          0         96       1368   c_w.l
      4438        344          0          0          0       2328   fz_ws.l
      1876        166        240          0          0        956   m_ws.l

    ----------------------------------------------------------------------
      7434        530        240          0        100       4652   Library Totals

    ----------------------------------------------------------------------

==============================================================================


      Code (inc. data)   RO Data    RW Data    ZI Data      Debug   

     28958       1718       5270        196       8164     692720   Grand Totals
     28958       1718       5270        196       8164     692720   ELF Image Totals
     28958       1718       5270        196          0          0   ROM Totals

==============================================================================

    Total RO  Size (Code + RO Data)                34228 (  33.43kB)
    Total RW  Size (RW Data + ZI Data)              8360 (   8.16kB)
    Total ROM Size (Code + RO Data + RW Data)      34424 (  33.62kB)

==============================================================================

